2026-08-26 14:26:35 [SRV] Neue Session-Anfrage
2026-08-26 14:26:35 [SRV] Session s1787754395_1 Port=8101 Welt=s1787754395_1
2026-08-26 14:26:35 [SRV] Starte Worker: ../bin/pipe worldd.pipe s1787754395_1 8101 600000
2026-08-26 14:26:35 [BOOT] Worldd-Prozess gestartet
2026-08-26 14:26:35 [BOOT] Starte fuer Session s1787754395_1
2026-08-26 14:26:35 [BOOT] Lade Pack pack_core.json
2026-08-26 14:26:35 [BOOT] DB initialisiert, lese Config
2026-08-26 14:26:35 [BOOT] Weltname=s1787754395_1
2026-08-26 14:26:35 [BOOT] Keine bestehende Welt — generiere neue
2026-08-26 14:26:35 [SRV] Session s1787754395_1 bereit=false
2026-08-26 14:27:36 [BOOT] Modell=x-preview-f-free
2026-08-26 14:27:36 [BOOT] Briefing vorhanden, starte gen_design
2026-08-26 14:27:36 [BOOT] Profil={schwierigkeit: normal, stil: normal}
2026-08-26 14:27:36 [GEN-DESIGN] === Starte Design-Generierung ===
2026-08-26 14:27:36 [GEN-DESIGN] Versuch 1/3 Modell=x-preview-f-free
2026-08-26 14:27:36 [GEN-DESIGN] ERROR AI-Call fehlgeschlagen: worldd.pipe: ai_chat: API error 401: {"type":"error","error":{"type":"ModelError","message":"Model x-preview-f-free is not supported"}}
  in fn(sleep)
  in fn(gen_design)
  in fn(ai_chat)
2026-08-26 14:27:36 [GEN-DESIGN] Versuch 2/3 Modell=laguna-s-2.1-free
2026-08-26 14:27:36 [GEN-DESIGN] ERROR AI-Call fehlgeschlagen: worldd.pipe: ai_chat: API error 503: {"error":{"type":"server_error","message":"Error from provider (Console): Upstream request failed: Endpoint is unavailable."}}
  in fn(sleep)
  in fn(gen_design)
  in fn(sleep)
2026-08-26 14:27:36 [GEN-DESIGN] Versuch 3/3 Modell=nemotron-3.5-lightning-free
2026-08-26 14:28:36 [GEN-DESIGN] ERROR AI-Call fehlgeschlagen: worldd.pipe: ai_chat: http request: Post "https://opencode.ai/zen/v1/chat/completions": context deadline exceeded (Client.Timeout exceeded while awaiting headers)
  in fn(sleep)
  in fn(gen_design)
  in fn(sleep)
2026-08-26 14:28:36 [BOOT] ERROR Design fehlgeschlagen: api
2026-08-26 14:28:37 [BOOT] Neues Spiel gestartet
2026-08-26 14:28:37 [BOOT] Lore-Index gebaut
2026-08-26 14:28:37 [BOOT] BEREIT auf :8101
2026-08-26 14:43:01 [SRV] Neue Session-Anfrage
2026-08-26 14:43:01 [SRV] Session s1787755381_1 Port=8101 Welt=s1787755381_1
2026-08-26 14:43:01 [SRV] Starte Worker: ../bin/pipe worldd.pipe s1787755381_1 8101 600000
2026-08-26 14:43:01 [BOOT] Worldd-Prozess gestartet
2026-08-26 14:43:01 [BOOT] Starte fuer Session s1787755381_1
2026-08-26 14:43:01 [BOOT] Lade Pack pack_core.json
2026-08-26 14:43:01 [BOOT] DB initialisiert, lese Config
2026-08-26 14:43:01 [BOOT] Weltname=s1787755381_1
2026-08-26 14:43:01 [BOOT] Keine bestehende Welt — generiere neue
2026-08-26 14:43:02 [SRV] Session s1787755381_1 bereit=false
2026-08-26 14:43:04 [BOOT] Modell=big-pickle
2026-08-26 14:43:04 [BOOT] Briefing vorhanden, starte gen_design
2026-08-26 14:43:04 [BOOT] Profil={stil: normal, schwierigkeit: normal}
2026-08-26 14:43:04 [GEN-DESIGN] === Starte Design-Generierung ===
2026-08-26 14:43:04 [GEN-DESIGN] Versuch 1/3 Modell=big-pickle
2026-08-26 14:43:42 [GEN-DESIGN] AI-Antwort erhalten (2963 Zeichen)
2026-08-26 14:43:42 [GEN-DESIGN] Design gueltig: Thema=Cyberpunk Neonstadt 2087 – Der Spieler ist ein unabhängiger Runner, der sich durch die schmutzigen Serverhallen und dunklen Gassen einer Megakonzern-Niederlassung schlägt, um an verschlüsselte Daten zu gelangen, die das Schicksal der ganzen Stadt verändern könnten. Ton=Neon-noir: kühle Synthetik-Atmosphäre, rauschende Neonreklamen, nasser Asphalt, ständiges Summen von Technik, Paranoia, Cyberpunk-Ästhetik mit düsterem Untergrund
2026-08-26 14:43:42 [BOOT] Design OK, starte gen_map
2026-08-26 14:43:42 [GEN-MAP] === Starte Karten-Generierung ===
2026-08-26 14:43:42 [GEN-MAP] Versuch 1/3 Modell=big-pickle
2026-08-26 14:44:42 [GEN-MAP] ERROR AI-Call fehlgeschlagen: worldd.pipe: ai_chat: http request: Post "https://opencode.ai/zen/v1/chat/completions": context deadline exceeded (Client.Timeout exceeded while awaiting headers)
  in fn(sleep)
  in fn(gen_map)
  in fn(sleep)
2026-08-26 14:44:42 [GEN-MAP] Versuch 2/3 Modell=big-pickle
2026-08-26 14:45:42 [GEN-MAP] ERROR AI-Call fehlgeschlagen: worldd.pipe: ai_chat: http request: Post "https://opencode.ai/zen/v1/chat/completions": context deadline exceeded (Client.Timeout exceeded while awaiting headers)
  in fn(sleep)
  in fn(gen_map)
  in fn(sleep)
2026-08-26 14:45:42 [GEN-MAP] Versuch 3/3 Modell=big-pickle
2026-08-26 14:46:08 [SRV] Neue Session-Anfrage
2026-08-26 14:46:08 [SRV] Session s1787755568_2 Port=8102 Welt=wachstum
2026-08-26 14:46:08 [SRV] Starte Worker: ../bin/pipe worldd.pipe s1787755568_2 8102 600000
2026-08-26 14:46:08 [BOOT] Worldd-Prozess gestartet
2026-08-26 14:46:08 [BOOT] Starte fuer Session s1787755568_2
2026-08-26 14:46:08 [BOOT] Lade Pack pack_core.json
2026-08-26 14:46:08 [BOOT] DB initialisiert, lese Config
2026-08-26 14:46:08 [BOOT] Weltname=wachstum
2026-08-26 14:46:09 [BOOT] Bestehende Welt gefunden, lade sie
2026-08-26 14:46:09 [BOOT] Neues Spiel gestartet
2026-08-26 14:46:09 [BOOT] Lore-Index gebaut
2026-08-26 14:46:09 [BOOT] BEREIT auf :8102
2026-08-26 14:46:09 [SRV] Session s1787755568_2 bereit=true
2026-08-26 14:46:12 [JOB] Starte Job j1 kind=command
2026-08-26 14:46:12 [JOB] Turn: geh nach norden
2026-08-26 14:46:12 [TURN] Eingabe: geh nach norden
2026-08-26 14:46:12 [TURN] Typ: fast
2026-08-26 14:46:12 [TURN] Fertig: won=0
2026-08-26 14:46:12 [JOB] Job j1 fertig
2026-08-26 14:46:18 [JOB] Starte Job j2 kind=command
2026-08-26 14:46:18 [JOB] Turn: geh nach osten
2026-08-26 14:46:18 [TURN] Eingabe: geh nach osten
2026-08-26 14:46:18 [TURN] Typ: fast
2026-08-26 14:46:18 [TURN] Fertig: won=0
2026-08-26 14:46:18 [JOB] Job j2 fertig
2026-08-26 14:46:21 [JOB] Starte Job j3 kind=command
2026-08-26 14:46:21 [JOB] Turn: nimm [object Object]
2026-08-26 14:46:21 [TURN] Eingabe: nimm [object Object]
2026-08-26 14:46:21 [TURN] Typ: fast
2026-08-26 14:46:21 [TURN] Fertig: won=0
2026-08-26 14:46:21 [JOB] Job j3 fertig
2026-08-26 14:46:42 [GEN-MAP] ERROR AI-Call fehlgeschlagen: worldd.pipe: ai_chat: http request: Post "https://opencode.ai/zen/v1/chat/completions": context deadline exceeded (Client.Timeout exceeded while awaiting headers)
  in fn(sleep)
  in fn(gen_map)
  in fn(sleep)
2026-08-26 14:46:42 [BOOT] ERROR Karte fehlgeschlagen: api
2026-08-26 14:46:43 [BOOT] Neues Spiel gestartet
2026-08-26 14:46:43 [BOOT] Lore-Index gebaut
2026-08-26 14:46:43 [BOOT] BEREIT auf :8101
2026-08-26 14:54:59 [SRV] Neue Session-Anfrage
2026-08-26 14:54:59 [SRV] Session s1787756099_1 Port=8101 Welt=s1787756099_1
2026-08-26 14:54:59 [SRV] Starte Worker: ../bin/pipe worldd.pipe s1787756099_1 8101 600000
2026-08-26 14:55:00 [BOOT] Worldd-Prozess gestartet
2026-08-26 14:55:00 [BOOT] Starte fuer Session s1787756099_1
2026-08-26 14:55:00 [BOOT] Lade Pack pack_core.json
2026-08-26 14:55:00 [BOOT] DB initialisiert, lese Config
2026-08-26 14:55:00 [BOOT] Weltname=s1787756099_1
2026-08-26 14:55:00 [BOOT] Keine bestehende Welt — generiere neue
2026-08-26 14:55:00 [SRV] Session s1787756099_1 bereit=false
2026-08-26 14:55:11 [BOOT] Modell=big-pickle
2026-08-26 14:55:11 [BOOT] Briefing vorhanden, starte gen_design
2026-08-26 14:55:11 [BOOT] Profil={schwierigkeit: normal, stil: normal}
2026-08-26 14:55:11 [GEN-DESIGN] === Starte Design-Generierung ===
2026-08-26 14:55:11 [GEN-DESIGN] Versuch 1/3 Modell=big-pickle
2026-08-26 14:56:24 [GEN-DESIGN] AI-Antwort erhalten (1833 Zeichen)
2026-08-26 14:56:24 [GEN-DESIGN] ERROR AI-Call fehlgeschlagen: worldd.pipe: parse_json: invalid character '\n' in string literal
  in fn(sleep)
  in fn(gen_design)
  in fn(parse_json)
2026-08-26 14:56:24 [GEN-DESIGN] Versuch 2/3 Modell=big-pickle
2026-08-26 14:57:36 [GEN-DESIGN] AI-Antwort erhalten (1075 Zeichen)
2026-08-26 14:57:36 [GEN-DESIGN] Design gueltig: Thema=Cyberpunk Neonstadt 2087 Ton=düster, neon-getränkter Cyberpunk
2026-08-26 14:57:36 [BOOT] Design OK, starte gen_map
2026-08-26 14:57:36 [GEN-MAP] === Starte Karten-Generierung ===
2026-08-26 14:57:36 [GEN-MAP] Versuch 1/3 Modell=big-pickle
2026-08-26 14:58:40 [GEN-MAP] AI-Antwort erhalten (2208 Zeichen)
2026-08-26 14:58:40 [GEN-MAP] Karte gueltig: 5 Raeume
2026-08-26 14:58:40 [BOOT] Karte OK, starte enrich_lore
2026-08-26 14:58:40 [ENRICH] Starte Lore-Anreicherung fuer Thema=Cyberpunk Neonstadt 2087 Ton=düster, neon-getränkter Cyberpunk
2026-08-26 14:59:21 [ENRICH] Raum-Beschreibungen generiert: 5 Stueck
2026-08-26 14:59:42 [ENRICH] NPC-Hintergrundgeschichten generiert: 4 Stueck
2026-08-26 14:59:42 [BOOT] Lore-Anreicherung abgeschlossen
2026-08-26 14:59:42 [BOOT] Neues Spiel gestartet
2026-08-26 14:59:42 [BOOT] Lore-Index gebaut
2026-08-26 14:59:42 [BOOT] BEREIT auf :8101
2026-08-26 15:06:13 [JOB] Starte Job j1 kind=command
2026-08-26 15:06:13 [JOB] Turn: nimm laterne
2026-08-26 15:06:13 [TURN] Eingabe: nimm laterne
2026-08-26 15:06:13 [TURN] Typ: fast
2026-08-26 15:06:13 [TURN] Fertig: won=0
2026-08-26 15:06:13 [JOB] Job j1 fertig
2026-08-26 15:06:16 [JOB] Starte Job j2 kind=command
2026-08-26 15:06:16 [JOB] Turn: geh nach norden
2026-08-26 15:06:16 [TURN] Eingabe: geh nach norden
2026-08-26 15:06:16 [TURN] Typ: fast
2026-08-26 15:06:16 [TURN] Fertig: won=0
2026-08-26 15:06:16 [JOB] Job j2 fertig
2026-08-26 15:06:19 [JOB] Starte Job j3 kind=command
2026-08-26 15:06:19 [JOB] Turn: geh nach osten
2026-08-26 15:06:19 [TURN] Eingabe: geh nach osten
2026-08-26 15:06:19 [TURN] Typ: fast
2026-08-26 15:06:19 [TURN] Fertig: won=0
2026-08-26 15:06:19 [JOB] Job j3 fertig
2026-08-26 15:06:37 [JOB] Starte Job j4 kind=command
2026-08-26 15:06:37 [JOB] Turn: nimm dolch
2026-08-26 15:06:37 [TURN] Eingabe: nimm dolch
2026-08-26 15:06:37 [TURN] Typ: fast
2026-08-26 15:06:37 [TURN] Fertig: won=0
2026-08-26 15:06:37 [JOB] Job j4 fertig
2026-08-26 15:06:40 [JOB] Starte Job j5 kind=command
2026-08-26 15:06:40 [JOB] Turn: nimm heiltrank
2026-08-26 15:06:40 [TURN] Eingabe: nimm heiltrank
2026-08-26 15:06:40 [TURN] Typ: fast
2026-08-26 15:06:40 [TURN] Fertig: won=0
2026-08-26 15:06:40 [JOB] Job j5 fertig
2026-08-26 15:06:43 [JOB] Starte Job j6 kind=command
2026-08-26 15:06:43 [JOB] Turn: rede mit kraemerin_hilda
2026-08-26 15:06:43 [TURN] Eingabe: rede mit kraemerin_hilda
2026-08-26 15:06:43 [TURN] Typ: narrator
2026-08-26 15:06:43 [NARRATOR] Starte Narrator-Antwort
2026-08-26 15:06:43 [NARRATOR] Teste Modell big-pickle
2026-08-26 15:07:08 [NARRATOR] Modell big-pickle hat geantwortet (416 Zeichen)
2026-08-26 15:07:08 [TURN] Fertig: won=0
2026-08-26 15:07:08 [JOB] Job j6 fertig
2026-08-26 15:07:10 [JOB] Starte Job j7 kind=command
2026-08-26 15:07:10 [JOB] Turn: inventar
2026-08-26 15:07:10 [TURN] Eingabe: inventar
2026-08-26 15:07:10 [TURN] Typ: fast
2026-08-26 15:07:10 [TURN] Fertig: won=0
2026-08-26 15:07:11 [JOB] Job j7 fertig
2026-08-26 15:07:14 [JOB] Starte Job j8 kind=command
2026-08-26 15:07:14 [JOB] Turn: quests
2026-08-26 15:07:14 [TURN] Eingabe: quests
2026-08-26 15:07:14 [TURN] Typ: fast
2026-08-26 15:07:14 [TURN] Fertig: won=0
2026-08-26 15:07:14 [JOB] Job j8 fertig
2026-08-26 15:07:37 [JOB] Starte Job j9 kind=command
2026-08-26 15:07:37 [JOB] Turn: greife spinnlinge an
2026-08-26 15:07:37 [TURN] Eingabe: greife spinnlinge an
2026-08-26 15:07:37 [TURN] Typ: fast
2026-08-26 15:07:37 [TURN] Fertig: won=0
2026-08-26 15:07:37 [JOB] Job j9 fertig
2026-08-26 15:07:40 [JOB] Starte Job j10 kind=command
2026-08-26 15:07:40 [JOB] Turn: greife spinnlinge an
2026-08-26 15:07:40 [TURN] Eingabe: greife spinnlinge an
2026-08-26 15:07:40 [TURN] Typ: fast
2026-08-26 15:07:40 [TURN] Fertig: won=0
2026-08-26 15:07:40 [JOB] Job j10 fertig
2026-08-26 15:07:43 [JOB] Starte Job j11 kind=command
2026-08-26 15:07:43 [JOB] Turn: greife spinnlinge an
2026-08-26 15:07:43 [TURN] Eingabe: greife spinnlinge an
2026-08-26 15:07:43 [TURN] Typ: fast
2026-08-26 15:07:43 [TURN] Fertig: won=0
2026-08-26 15:07:43 [JOB] Job j11 fertig
2026-08-26 15:07:46 [JOB] Starte Job j12 kind=command
2026-08-26 15:07:46 [JOB] Turn: geh nach westen
2026-08-26 15:07:46 [TURN] Eingabe: geh nach westen
2026-08-26 15:07:46 [TURN] Typ: fast
2026-08-26 15:07:46 [TURN] Fertig: won=0
2026-08-26 15:07:46 [JOB] Job j12 fertig
2026-08-26 15:07:49 [JOB] Starte Job j13 kind=command
2026-08-26 15:07:49 [JOB] Turn: gh nach sueden
2026-08-26 15:07:49 [TURN] Eingabe: gh nach sueden
2026-08-26 15:07:49 [TURN] Typ: narrator
2026-08-26 15:07:49 [NARRATOR] Starte Narrator-Antwort
2026-08-26 15:07:49 [NARRATOR] Teste Modell big-pickle
2026-08-26 15:08:15 [NARRATOR] Modell big-pickle hat geantwortet (343 Zeichen)
2026-08-26 15:08:15 [TURN] Fertig: won=0
2026-08-26 15:08:15 [JOB] Job j13 fertig
2026-08-26 15:08:35 [JOB] Starte Job j14 kind=command
2026-08-26 15:08:35 [JOB] Turn: greife ratte an
2026-08-26 15:08:35 [TURN] Eingabe: greife ratte an
2026-08-26 15:08:36 [TURN] Typ: fast
2026-08-26 15:08:36 [TURN] Fertig: won=0
2026-08-26 15:08:36 [JOB] Job j14 fertig
2026-08-26 15:08:39 [JOB] Starte Job j15 kind=command
2026-08-26 15:08:39 [JOB] Turn: greife ratte an
2026-08-26 15:08:39 [TURN] Eingabe: greife ratte an
2026-08-26 15:08:39 [TURN] Typ: fast
2026-08-26 15:08:39 [TURN] Fertig: won=0
2026-08-26 15:08:39 [JOB] Job j15 fertig
2026-08-26 15:08:42 [JOB] Starte Job j16 kind=command
2026-08-26 15:08:42 [JOB] Turn: greife ratte an
2026-08-26 15:08:42 [TURN] Eingabe: greife ratte an
2026-08-26 15:08:42 [TURN] Typ: fast
2026-08-26 15:08:42 [TURN] Fertig: won=0
2026-08-26 15:08:42 [JOB] Job j16 fertig
2026-08-26 15:08:45 [JOB] Starte Job j17 kind=command
2026-08-26 15:08:45 [JOB] Turn: greife ratte an
2026-08-26 15:08:45 [TURN] Eingabe: greife ratte an
2026-08-26 15:08:45 [TURN] Typ: fast
2026-08-26 15:08:45 [TURN] Fertig: won=0
2026-08-26 15:08:45 [JOB] Job j17 fertig
2026-08-26 15:08:48 [JOB] Starte Job j18 kind=command
2026-08-26 15:08:48 [JOB] Turn: greife ratte an
2026-08-26 15:08:48 [TURN] Eingabe: greife ratte an
2026-08-26 15:08:48 [TURN] Typ: fast
2026-08-26 15:08:48 [TURN] Fertig: won=0
2026-08-26 15:08:48 [JOB] Job j18 fertig
2026-08-26 15:09:03 [JOB] Starte Job j19 kind=command
2026-08-26 15:09:03 [JOB] Turn: geh nach osten
2026-08-26 15:09:03 [TURN] Eingabe: geh nach osten
2026-08-26 15:09:03 [TURN] Typ: fast
2026-08-26 15:09:03 [TURN] Fertig: won=0
2026-08-26 15:09:03 [JOB] Job j19 fertig
2026-08-26 15:09:06 [JOB] Starte Job j20 kind=command
2026-08-26 15:09:06 [JOB] Turn: geh nach osten
2026-08-26 15:09:06 [TURN] Eingabe: geh nach osten
2026-08-26 15:09:06 [TURN] Typ: fast
2026-08-26 15:09:06 [TURN] Fertig: won=0
2026-08-26 15:09:06 [JOB] Job j20 fertig
2026-08-26 15:09:09 [JOB] Starte Job j21 kind=command
2026-08-26 15:09:09 [JOB] Turn: benutze heiltrank
2026-08-26 15:09:09 [TURN] Eingabe: benutze heiltrank
2026-08-26 15:09:09 [TURN] Typ: fast
2026-08-26 15:09:09 [TURN] Fertig: won=0
2026-08-26 15:09:09 [JOB] Job j21 fertig
2026-08-26 15:09:12 [JOB] Starte Job j22 kind=command
2026-08-26 15:09:12 [JOB] Turn: rede mit wanderhaendler_finn
2026-08-26 15:09:12 [TURN] Eingabe: rede mit wanderhaendler_finn
2026-08-26 15:09:12 [TURN] Typ: narrator
2026-08-26 15:09:12 [NARRATOR] Starte Narrator-Antwort
2026-08-26 15:09:12 [NARRATOR] Teste Modell big-pickle
2026-08-26 15:09:51 [NARRATOR] Modell big-pickle hat geantwortet (324 Zeichen)
2026-08-26 15:09:51 [TURN] Fertig: won=0
2026-08-26 15:09:51 [JOB] Job j22 fertig
2026-08-26 15:09:52 [JOB] Starte Job j23 kind=command
2026-08-26 15:09:52 [JOB] Turn: kauf heiltrank
2026-08-26 15:09:52 [TURN] Eingabe: kauf heiltrank
2026-08-26 15:09:52 [TURN] Typ: fast
2026-08-26 15:09:52 [TURN] Fertig: won=0
2026-08-26 15:09:52 [JOB] Job j23 fertig
2026-08-26 15:10:09 [JOB] Starte Job j24 kind=command
2026-08-26 15:10:09 [JOB] Turn: geh nach norden
2026-08-26 15:10:09 [TURN] Eingabe: geh nach norden
2026-08-26 15:10:09 [TURN] Typ: fast
2026-08-26 15:10:09 [TURN] Fertig: won=0
2026-08-26 15:10:10 [JOB] Job j24 fertig
2026-08-26 15:10:13 [JOB] Starte Job j25 kind=command
2026-08-26 15:10:13 [JOB] Turn: greife spinnlinge an
2026-08-26 15:10:13 [TURN] Eingabe: greife spinnlinge an
2026-08-26 15:10:13 [TURN] Typ: fast
2026-08-26 15:10:13 [TURN] Fertig: won=0
2026-08-26 15:10:13 [JOB] Job j25 fertig
2026-08-26 15:10:16 [JOB] Starte Job j26 kind=command
2026-08-26 15:10:16 [JOB] Turn: greife spinnlinge an
2026-08-26 15:10:16 [TURN] Eingabe: greife spinnlinge an
2026-08-26 15:10:16 [TURN] Typ: fast
2026-08-26 15:10:16 [TURN] Fertig: won=0
2026-08-26 15:10:16 [JOB] Job j26 fertig
2026-08-26 15:10:19 [JOB] Starte Job j27 kind=command
2026-08-26 15:10:19 [JOB] Turn: greife spinnlinge an
2026-08-26 15:10:19 [TURN] Eingabe: greife spinnlinge an
2026-08-26 15:10:19 [TURN] Typ: fast
2026-08-26 15:10:19 [TURN] Fertig: won=0
2026-08-26 15:10:19 [JOB] Job j27 fertig
2026-08-26 15:10:22 [JOB] Starte Job j28 kind=command
2026-08-26 15:10:22 [JOB] Turn: greife spinnlinge an
2026-08-26 15:10:22 [TURN] Eingabe: greife spinnlinge an
2026-08-26 15:10:22 [TURN] Typ: fast
2026-08-26 15:10:22 [TURN] Fertig: won=0
2026-08-26 15:10:22 [JOB] Job j28 fertig
2026-08-26 15:10:25 [JOB] Starte Job j29 kind=command
2026-08-26 15:10:25 [JOB] Turn: greife spinnlinge an
2026-08-26 15:10:25 [TURN] Eingabe: greife spinnlinge an
2026-08-26 15:10:25 [TURN] Typ: fast
2026-08-26 15:10:25 [TURN] Fertig: won=0
2026-08-26 15:10:25 [JOB] Job j29 fertig
2026-08-26 15:10:43 [JOB] Starte Job j30 kind=command
2026-08-26 15:10:43 [JOB] Turn: verkauf laterne
2026-08-26 15:10:43 [TURN] Eingabe: verkauf laterne
2026-08-26 15:10:43 [TURN] Typ: fast
2026-08-26 15:10:43 [TURN] Fertig: won=0
2026-08-26 15:10:43 [JOB] Job j30 fertig
2026-08-26 15:10:46 [JOB] Starte Job j31 kind=command
2026-08-26 15:10:46 [JOB] Turn: kauf heiltrank
2026-08-26 15:10:46 [TURN] Eingabe: kauf heiltrank
2026-08-26 15:10:46 [TURN] Typ: fast
2026-08-26 15:10:46 [TURN] Fertig: won=0
2026-08-26 15:10:46 [JOB] Job j31 fertig
2026-08-26 15:10:49 [JOB] Starte Job j32 kind=command
2026-08-26 15:10:49 [JOB] Turn: inventar
2026-08-26 15:10:49 [TURN] Eingabe: inventar
2026-08-26 15:10:49 [TURN] Typ: fast
2026-08-26 15:10:49 [TURN] Fertig: won=0
2026-08-26 15:10:49 [JOB] Job j32 fertig
2026-08-26 15:10:52 [JOB] Starte Job j33 kind=command
2026-08-26 15:10:52 [JOB] Turn: geh nach westen
2026-08-26 15:10:52 [TURN] Eingabe: geh nach westen
2026-08-26 15:10:52 [TURN] Typ: fast
2026-08-26 15:10:52 [TURN] Fertig: won=0
2026-08-26 15:10:53 [JOB] Job j33 fertig
2026-08-26 15:11:16 [JOB] Starte Job j34 kind=command
2026-08-26 15:11:16 [JOB] Turn: nimm dietrich
2026-08-26 15:11:16 [TURN] Eingabe: nimm dietrich
2026-08-26 15:11:16 [TURN] Typ: fast
2026-08-26 15:11:16 [TURN] Fertig: won=0
2026-08-26 15:11:16 [JOB] Job j34 fertig
2026-08-26 15:11:19 [JOB] Starte Job j35 kind=command
2026-08-26 15:11:19 [JOB] Turn: nimm seil
2026-08-26 15:11:19 [TURN] Eingabe: nimm seil
2026-08-26 15:11:19 [TURN] Typ: fast
2026-08-26 15:11:19 [TURN] Fertig: won=0
2026-08-26 15:11:19 [JOB] Job j35 fertig
2026-08-26 15:11:22 [JOB] Starte Job j36 kind=command
2026-08-26 15:11:22 [JOB] Turn: greife skelett an
2026-08-26 15:11:22 [TURN] Eingabe: greife skelett an
2026-08-26 15:11:22 [TURN] Typ: fast
2026-08-26 15:11:22 [TURN] Fertig: won=0
2026-08-26 15:11:22 [JOB] Job j36 fertig
2026-08-26 15:11:25 [JOB] Starte Job j37 kind=command
2026-08-26 15:11:25 [JOB] Turn: greife skelett an
2026-08-26 15:11:25 [TURN] Eingabe: greife skelett an
2026-08-26 15:11:25 [TURN] Typ: fast
2026-08-26 15:11:25 [TURN] Fertig: won=0
2026-08-26 15:11:25 [JOB] Job j37 fertig
2026-08-26 15:11:28 [JOB] Starte Job j38 kind=command
2026-08-26 15:11:28 [JOB] Turn: greife skelett an
2026-08-26 15:11:28 [TURN] Eingabe: greife skelett an
2026-08-26 15:11:28 [TURN] Typ: fast
2026-08-26 15:11:28 [TURN] Fertig: won=0
2026-08-26 15:11:29 [JOB] Job j38 fertig
2026-08-26 15:11:31 [JOB] Starte Job j39 kind=command
2026-08-26 15:11:31 [JOB] Turn: greife skelett an
2026-08-26 15:11:31 [TURN] Eingabe: greife skelett an
2026-08-26 15:11:32 [TURN] Typ: fast
2026-08-26 15:11:32 [TURN] Fertig: won=0
2026-08-26 15:11:32 [JOB] Job j39 fertig
2026-08-26 15:11:35 [JOB] Starte Job j40 kind=command
2026-08-26 15:11:35 [JOB] Turn: greife skelett an
2026-08-26 15:11:35 [TURN] Eingabe: greife skelett an
2026-08-26 15:11:35 [TURN] Typ: fast
2026-08-26 15:11:35 [TURN] Fertig: won=0
2026-08-26 15:11:35 [JOB] Job j40 fertig
2026-08-26 15:11:55 [JOB] Starte Job j41 kind=command
2026-08-26 15:11:55 [JOB] Turn: nimm axt
2026-08-26 15:11:55 [TURN] Eingabe: nimm axt
2026-08-26 15:11:55 [TURN] Typ: fast
2026-08-26 15:11:55 [TURN] Fertig: won=0
2026-08-26 15:11:55 [JOB] Job j41 fertig
2026-08-26 15:11:58 [JOB] Starte Job j42 kind=command
2026-08-26 15:11:58 [JOB] Turn: rede mit weiser_aldric
2026-08-26 15:11:58 [TURN] Eingabe: rede mit weiser_aldric
2026-08-26 15:11:58 [TURN] Typ: narrator
2026-08-26 15:11:58 [NARRATOR] Starte Narrator-Antwort
2026-08-26 15:11:58 [NARRATOR] Teste Modell big-pickle
2026-08-26 15:13:03 [NARRATOR] Modell big-pickle hat geantwortet (312 Zeichen)
2026-08-26 15:13:03 [TURN] Fertig: won=0
2026-08-26 15:13:03 [JOB] Job j42 fertig
2026-08-26 15:13:05 [JOB] Starte Job j43 kind=command
2026-08-26 15:13:05 [JOB] Turn: geh nach osten
2026-08-26 15:13:05 [TURN] Eingabe: geh nach osten
2026-08-26 15:13:05 [TURN] Typ: fast
2026-08-26 15:13:05 [TURN] Fertig: won=0
2026-08-26 15:13:05 [JOB] Job j43 fertig
2026-08-26 15:13:33 [JOB] Starte Job j44 kind=command
2026-08-26 15:13:33 [JOB] Turn: look
2026-08-26 15:13:33 [TURN] Eingabe: look
2026-08-26 15:13:33 [TURN] Typ: fast
2026-08-26 15:13:33 [TURN] Fertig: won=0
2026-08-26 15:13:33 [JOB] Job j44 fertig
2026-08-26 15:13:36 [JOB] Starte Job j45 kind=command
2026-08-26 15:13:36 [JOB] Turn: nehme laterne
2026-08-26 15:13:36 [TURN] Eingabe: nehme laterne
2026-08-26 15:13:36 [TURN] Typ: narrator
2026-08-26 15:13:36 [NARRATOR] Starte Narrator-Antwort
2026-08-26 15:13:36 [NARRATOR] Teste Modell big-pickle
2026-08-26 15:14:00 [NARRATOR] Modell big-pickle hat geantwortet (259 Zeichen)
2026-08-26 15:14:00 [TURN] Fertig: won=0
2026-08-26 15:14:00 [JOB] Job j45 fertig
2026-08-26 15:14:00 [JOB] Starte Job j46 kind=command
2026-08-26 15:14:00 [JOB] Turn: benutze axt
2026-08-26 15:14:00 [TURN] Eingabe: benutze axt
2026-08-26 15:14:00 [TURN] Typ: fast
2026-08-26 15:14:00 [TURN] Fertig: won=0
2026-08-26 15:14:00 [JOB] Job j46 fertig
2026-08-26 15:14:03 [JOB] Starte Job j47 kind=command
2026-08-26 15:14:03 [JOB] Turn: wehre dich
2026-08-26 15:14:03 [TURN] Eingabe: wehre dich
2026-08-26 15:14:03 [TURN] Typ: fast
2026-08-26 15:14:03 [TURN] Fertig: won=0
2026-08-26 15:14:04 [JOB] Job j47 fertig
2026-08-26 15:14:07 [JOB] Starte Job j48 kind=command
2026-08-26 15:14:07 [JOB] Turn: zauber feuerball
2026-08-26 15:14:07 [TURN] Eingabe: zauber feuerball
2026-08-26 15:14:07 [TURN] Typ: fast
2026-08-26 15:14:07 [TURN] Fertig: won=0
2026-08-26 15:14:07 [JOB] Job j48 fertig
2026-08-26 15:22:31 [SRV] Neue Session-Anfrage
2026-08-26 15:22:31 [SRV] Session s1787757751_2 Port=8102 Welt=test
2026-08-26 15:22:31 [SRV] Starte Worker: ../bin/pipe worldd.pipe s1787757751_2 8102 600000
2026-08-26 15:22:31 [BOOT] Worldd-Prozess gestartet
2026-08-26 15:22:31 [BOOT] Starte fuer Session s1787757751_2
2026-08-26 15:22:31 [BOOT] Lade Pack pack_core.json
2026-08-26 15:22:32 [BOOT] DB initialisiert, lese Config
2026-08-26 15:22:32 [BOOT] Weltname=test
2026-08-26 15:22:32 [BOOT] Keine bestehende Welt — generiere neue
2026-08-26 15:22:32 [SRV] Session s1787757751_2 bereit=false
2026-08-26 15:22:36 [BOOT] Modell=big-pickle
2026-08-26 15:22:36 [BOOT] Briefing vorhanden, starte gen_design
2026-08-26 15:22:36 [BOOT] Profil={stil: normal, schwierigkeit: normal}
2026-08-26 15:22:36 [GEN-DESIGN] === Starte Design-Generierung ===
2026-08-26 15:22:36 [GEN-DESIGN] Versuch 1/3 Modell=big-pickle
2026-08-26 15:22:47 [GEN-DESIGN] AI-Antwort erhalten (864 Zeichen)
2026-08-26 15:22:47 [GEN-DESIGN] Validierung fehlgeschlagen: raumzahl muss zwischen 5 und 12 liegen
2026-08-26 15:22:47 [GEN-DESIGN] Versuch 2/3 Modell=big-pickle
2026-08-26 15:22:59 [GEN-DESIGN] AI-Antwort erhalten (808 Zeichen)
2026-08-26 15:22:59 [GEN-DESIGN] Validierung fehlgeschlagen: raumzahl muss zwischen 5 und 12 liegen
2026-08-26 15:22:59 [GEN-DESIGN] Versuch 3/3 Modell=big-pickle
2026-08-26 15:23:10 [GEN-DESIGN] AI-Antwort erhalten (673 Zeichen)
2026-08-26 15:23:10 [GEN-DESIGN] Validierung fehlgeschlagen: raumzahl muss zwischen 5 und 12 liegen
2026-08-26 15:23:10 [BOOT] ERROR Design fehlgeschlagen: raumzahl muss zwischen 5 und 12 liegen
2026-08-26 15:23:10 [BOOT] Neues Spiel gestartet
2026-08-26 15:23:10 [BOOT] Lore-Index gebaut
2026-08-26 15:23:10 [BOOT] BEREIT auf :8102
2026-08-26 15:24:10 [BOOT] Idle-Timeout, beende
2026-08-26 15:32:32 [BOOT] Idle-Timeout, beende
2026-08-26 15:33:34 [BOOT] Worldd-Prozess gestartet
2026-08-26 15:33:34 [BOOT] Starte fuer Session s1787755568_2
2026-08-26 15:33:34 [BOOT] Lade Pack pack_core.json
2026-08-26 15:33:34 [BOOT] DB initialisiert, lese Config
2026-08-26 15:33:34 [BOOT] Weltname=wachstum
2026-08-26 15:33:34 [BOOT] Bestehende Welt gefunden, lade sie
2026-08-26 15:33:34 [BOOT] Vorheriges Spiel wiederhergestellt
2026-08-26 15:33:34 [BOOT] Lore-Index gebaut
2026-08-26 15:33:34 [BOOT] BEREIT auf :8102
2026-08-26 15:36:40 [SRV] Neue Session-Anfrage
2026-08-26 15:36:40 [SRV] Session s1787758600_3 Port=8103 Welt=wc_rundreise
2026-08-26 15:36:40 [SRV] Starte Worker: ../bin/pipe worldd.pipe s1787758600_3 8103 600000
2026-08-26 15:36:40 [BOOT] Worldd-Prozess gestartet
2026-08-26 15:36:40 [BOOT] Starte fuer Session s1787758600_3
2026-08-26 15:36:40 [BOOT] Lade Pack pack_core.json
2026-08-26 15:36:40 [BOOT] DB initialisiert, lese Config
2026-08-26 15:36:40 [BOOT] Weltname=wc_rundreise
2026-08-26 15:36:40 [BOOT] Bestehende Welt gefunden, lade sie
2026-08-26 15:36:40 [BOOT] Neues Spiel gestartet
2026-08-26 15:36:40 [BOOT] Lore-Index gebaut
2026-08-26 15:36:40 [BOOT] BEREIT auf :8103
2026-08-26 15:36:40 [SRV] Session s1787758600_3 bereit=true
2026-08-26 15:36:44 [JOB] Starte Job j1 kind=command
2026-08-26 15:36:44 [JOB] Turn: nimm fackel
2026-08-26 15:36:44 [TURN] Eingabe: nimm fackel
2026-08-26 15:36:44 [TURN] Typ: fast
2026-08-26 15:36:44 [TURN] Fertig: won=0
2026-08-26 15:36:44 [JOB] Job j1 fertig
2026-08-26 15:36:47 [JOB] Starte Job j2 kind=command
2026-08-26 15:36:47 [JOB] Turn: geh nach norden
2026-08-26 15:36:47 [TURN] Eingabe: geh nach norden
2026-08-26 15:36:47 [TURN] Typ: fast
2026-08-26 15:36:47 [TURN] Fertig: won=0
2026-08-26 15:36:47 [JOB] Job j2 fertig
2026-08-26 15:37:07 [JOB] Starte Job j3 kind=command
2026-08-26 15:37:07 [JOB] Turn: rede mit weiser_aldric
2026-08-26 15:37:07 [TURN] Eingabe: rede mit weiser_aldric
2026-08-26 15:37:07 [TURN] Typ: narrator
2026-08-26 15:37:07 [NARRATOR] Starte Narrator-Antwort
2026-08-26 15:37:07 [NARRATOR] Teste Modell big-pickle
2026-08-26 15:37:19 [NARRATOR] Modell big-pickle hat geantwortet (433 Zeichen)
2026-08-26 15:37:19 [TURN] Fertig: won=0
2026-08-26 15:37:19 [JOB] Job j3 fertig
2026-08-26 15:38:24 [JOB] Starte Job j4 kind=command
2026-08-26 15:38:24 [JOB] Turn: geh nach norden
2026-08-26 15:38:24 [TURN] Eingabe: geh nach norden
2026-08-26 15:38:25 [TURN] Typ: fast
2026-08-26 15:38:25 [TURN] Fertig: won=0
2026-08-26 15:38:25 [JOB] Job j4 fertig
2026-08-26 15:38:29 [JOB] Starte Job j5 kind=command
2026-08-26 15:38:29 [JOB] Turn: geh nach osten
2026-08-26 15:38:29 [TURN] Eingabe: geh nach osten
2026-08-26 15:38:29 [TURN] Typ: fast
2026-08-26 15:38:29 [TURN] Fertig: won=0
2026-08-26 15:38:29 [JOB] Job j5 fertig
2026-08-26 15:38:31 [JOB] Starte Job j6 kind=command
2026-08-26 15:38:31 [JOB] Turn: nimm altes_amulett
2026-08-26 15:38:31 [TURN] Eingabe: nimm altes_amulett
2026-08-26 15:38:31 [TURN] Typ: fast
2026-08-26 15:38:31 [TURN] Fertig: won=0
2026-08-26 15:38:31 [JOB] Job j6 fertig
2026-08-26 15:38:36 [JOB] Starte Job j7 kind=command
2026-08-26 15:38:36 [JOB] Turn: geh nach westen
2026-08-26 15:38:36 [TURN] Eingabe: geh nach westen
2026-08-26 15:38:36 [TURN] Typ: fast
2026-08-26 15:38:36 [TURN] Fertig: won=0
2026-08-26 15:38:36 [JOB] Job j7 fertig
2026-08-26 15:38:40 [JOB] Starte Job j8 kind=command
2026-08-26 15:38:40 [JOB] Turn: geh nach sueden
2026-08-26 15:38:40 [TURN] Eingabe: geh nach sueden
2026-08-26 15:38:40 [TURN] Typ: fast
2026-08-26 15:38:40 [TURN] Fertig: won=0
2026-08-26 15:38:40 [JOB] Job j8 fertig
2026-08-26 15:38:44 [JOB] Starte Job j9 kind=command
2026-08-26 15:38:44 [JOB] Turn: geh nach osten
2026-08-26 15:38:44 [TURN] Eingabe: geh nach osten
2026-08-26 15:38:44 [TURN] Typ: fast
2026-08-26 15:38:44 [TURN] Fertig: won=0
2026-08-26 15:38:44 [JOB] Job j9 fertig
2026-08-26 15:38:47 [JOB] Starte Job j10 kind=command
2026-08-26 15:38:47 [JOB] Turn: nimm schwert
2026-08-26 15:38:47 [TURN] Eingabe: nimm schwert
2026-08-26 15:38:47 [TURN] Typ: fast
2026-08-26 15:38:47 [TURN] Fertig: won=0
2026-08-26 15:38:47 [JOB] Job j10 fertig
2026-08-26 15:38:50 [JOB] Starte Job j11 kind=command
2026-08-26 15:38:50 [JOB] Turn: greife kammerling an
2026-08-26 15:38:50 [TURN] Eingabe: greife kammerling an
2026-08-26 15:38:50 [TURN] Typ: fast
2026-08-26 15:38:50 [TURN] Fertig: won=0
2026-08-26 15:38:50 [JOB] Job j11 fertig
2026-08-26 15:38:57 [JOB] Starte Job j12 kind=command
2026-08-26 15:38:57 [JOB] Turn: nimm goldmuenze
2026-08-26 15:38:57 [TURN] Eingabe: nimm goldmuenze
2026-08-26 15:38:57 [TURN] Typ: fast
2026-08-26 15:38:57 [TURN] Fertig: won=0
2026-08-26 15:38:57 [JOB] Job j12 fertig
2026-08-26 15:39:00 [JOB] Starte Job j13 kind=command
2026-08-26 15:39:00 [JOB] Turn: geh nach westen
2026-08-26 15:39:00 [TURN] Eingabe: geh nach westen
2026-08-26 15:39:00 [TURN] Typ: fast
2026-08-26 15:39:00 [TURN] Fertig: won=0
2026-08-26 15:39:00 [JOB] Job j13 fertig
2026-08-26 15:39:08 [JOB] Starte Job j14 kind=command
2026-08-26 15:39:08 [JOB] Turn: geh nach westen
2026-08-26 15:39:08 [TURN] Eingabe: geh nach westen
2026-08-26 15:39:08 [TURN] Typ: fast
2026-08-26 15:39:08 [TURN] Fertig: won=0
2026-08-26 15:39:08 [JOB] Job j14 fertig
2026-08-26 15:39:13 [JOB] Starte Job j15 kind=command
2026-08-26 15:39:13 [JOB] Turn: rede mit kraemerin_hilda
2026-08-26 15:39:13 [TURN] Eingabe: rede mit kraemerin_hilda
2026-08-26 15:39:13 [TURN] Typ: narrator
2026-08-26 15:39:13 [NARRATOR] Starte Narrator-Antwort
2026-08-26 15:39:13 [NARRATOR] Teste Modell big-pickle
2026-08-26 15:39:43 [NARRATOR] Modell big-pickle hat geantwortet (464 Zeichen)
2026-08-26 15:39:43 [TURN] Fertig: won=0
2026-08-26 15:39:43 [JOB] Job j15 fertig
2026-08-26 15:41:41 [SRV] Neue Session-Anfrage
2026-08-26 15:41:41 [SRV] Session s1787758901_4 Port=8104 Welt=wc_rundreise
2026-08-26 15:41:41 [SRV] Starte Worker: ../bin/pipe worldd.pipe s1787758901_4 8104 600000
2026-08-26 15:41:41 [BOOT] Worldd-Prozess gestartet
2026-08-26 15:41:41 [BOOT] Starte fuer Session s1787758901_4
2026-08-26 15:41:41 [BOOT] Lade Pack pack_core.json
2026-08-26 15:41:41 [BOOT] DB initialisiert, lese Config
2026-08-26 15:41:41 [BOOT] Weltname=wc_rundreise
2026-08-26 15:41:41 [BOOT] Bestehende Welt gefunden, lade sie
2026-08-26 15:41:41 [BOOT] Neues Spiel gestartet
2026-08-26 15:41:41 [BOOT] Lore-Index gebaut
2026-08-26 15:41:41 [BOOT] BEREIT auf :8104
2026-08-26 15:41:41 [SRV] Session s1787758901_4 bereit=true
2026-08-26 15:45:12 [SRV] Neue Session-Anfrage
2026-08-26 15:45:12 [SRV] Session s1787759112_5 Port=8105 Welt=nebeltal
2026-08-26 15:45:12 [SRV] Starte Worker: ../bin/pipe worldd.pipe s1787759112_5 8105 600000
2026-08-26 15:45:12 [BOOT] Worldd-Prozess gestartet
2026-08-26 15:45:12 [BOOT] Starte fuer Session s1787759112_5
2026-08-26 15:45:12 [BOOT] Lade Pack pack_core.json
2026-08-26 15:45:12 [BOOT] DB initialisiert, lese Config
2026-08-26 15:45:12 [BOOT] Weltname=nebeltal
2026-08-26 15:45:12 [BOOT] Bestehende Welt gefunden, lade sie
2026-08-26 15:45:12 [BOOT] Neues Spiel gestartet
2026-08-26 15:45:12 [BOOT] Lore-Index gebaut
2026-08-26 15:45:12 [BOOT] BEREIT auf :8105
2026-08-26 15:45:12 [SRV] Session s1787759112_5 bereit=true
2026-08-26 15:45:23 [JOB] Starte Job j1 kind=command
2026-08-26 15:45:23 [JOB] Turn: nimm fackel
2026-08-26 15:45:23 [TURN] Eingabe: nimm fackel
2026-08-26 15:45:23 [TURN] Typ: fast
2026-08-26 15:45:23 [TURN] Fertig: won=0
2026-08-26 15:45:23 [JOB] Job j1 fertig
2026-08-26 15:45:30 [JOB] Starte Job j2 kind=command
2026-08-26 15:45:30 [JOB] Turn: geh nach norden
2026-08-26 15:45:30 [TURN] Eingabe: geh nach norden
2026-08-26 15:45:30 [TURN] Typ: fast
2026-08-26 15:45:30 [TURN] Fertig: won=0
2026-08-26 15:45:30 [JOB] Job j2 fertig
2026-08-26 15:45:45 [JOB] Starte Job j3 kind=command
2026-08-26 15:45:45 [JOB] Turn: geh nach norden
2026-08-26 15:45:45 [TURN] Eingabe: geh nach norden
2026-08-26 15:45:45 [TURN] Typ: fast
2026-08-26 15:45:45 [TURN] Fertig: won=0
2026-08-26 15:45:45 [JOB] Job j3 fertig
2026-08-26 15:46:04 [JOB] Starte Job j4 kind=command
2026-08-26 15:46:04 [JOB] Turn: geh nach osten
2026-08-26 15:46:04 [TURN] Eingabe: geh nach osten
2026-08-26 15:46:04 [TURN] Typ: fast
2026-08-26 15:46:04 [TURN] Fertig: won=0
2026-08-26 15:46:04 [JOB] Job j4 fertig
2026-08-26 15:46:20 [JOB] Starte Job j5 kind=command
2026-08-26 15:46:20 [JOB] Turn: greife skelett an
2026-08-26 15:46:20 [TURN] Eingabe: greife skelett an
2026-08-26 15:46:20 [TURN] Typ: fast
2026-08-26 15:46:20 [TURN] Fertig: won=0
2026-08-26 15:46:20 [JOB] Job j5 fertig
2026-08-26 15:46:41 [JOB] Starte Job j6 kind=command
2026-08-26 15:46:41 [JOB] Turn: greife skelett an
2026-08-26 15:46:41 [TURN] Eingabe: greife skelett an
2026-08-26 15:46:41 [TURN] Typ: fast
2026-08-26 15:46:41 [TURN] Fertig: won=0
2026-08-26 15:46:41 [JOB] Job j6 fertig
2026-08-26 15:47:00 [JOB] Starte Job j7 kind=command
2026-08-26 15:47:00 [JOB] Turn: wehre dich
2026-08-26 15:47:00 [TURN] Eingabe: wehre dich
2026-08-26 15:47:00 [TURN] Typ: fast
2026-08-26 15:47:00 [TURN] Fertig: won=0
2026-08-26 15:47:00 [JOB] Job j7 fertig
2026-08-26 15:47:13 [JOB] Starte Job j8 kind=command
2026-08-26 15:47:13 [JOB] Turn: nimm krafttrank
2026-08-26 15:47:13 [TURN] Eingabe: nimm krafttrank
2026-08-26 15:47:13 [TURN] Typ: fast
2026-08-26 15:47:13 [TURN] Fertig: won=0
2026-08-26 15:47:13 [JOB] Job j8 fertig
2026-08-26 15:47:21 [JOB] Starte Job j9 kind=command
2026-08-26 15:47:21 [JOB] Turn: wehre dich
2026-08-26 15:47:21 [TURN] Eingabe: wehre dich
2026-08-26 15:47:21 [TURN] Typ: fast
2026-08-26 15:47:21 [TURN] Fertig: won=0
2026-08-26 15:47:21 [JOB] Job j9 fertig
2026-08-26 15:47:26 [JOB] Starte Job j10 kind=command
2026-08-26 15:47:26 [JOB] Turn: greife skelett an
2026-08-26 15:47:26 [TURN] Eingabe: greife skelett an
2026-08-26 15:47:27 [TURN] Typ: fast
2026-08-26 15:47:27 [TURN] Fertig: won=0
2026-08-26 15:47:27 [JOB] Job j10 fertig
2026-08-26 15:47:36 [JOB] Starte Job j11 kind=command
2026-08-26 15:47:36 [JOB] Turn: wehre dich
2026-08-26 15:47:36 [TURN] Eingabe: wehre dich
2026-08-26 15:47:36 [TURN] Typ: fast
2026-08-26 15:47:36 [TURN] Fertig: won=0
2026-08-26 15:47:36 [JOB] Job j11 fertig
2026-08-26 15:47:42 [JOB] Starte Job j12 kind=command
2026-08-26 15:47:42 [JOB] Turn: greife skelett an
2026-08-26 15:47:42 [TURN] Eingabe: greife skelett an
2026-08-26 15:47:42 [TURN] Typ: fast
2026-08-26 15:47:42 [TURN] Fertig: won=1
2026-08-26 15:47:42 [JOB] Job j12 fertig
2026-08-26 15:47:52 [JOB] Starte Job j13 kind=new_adventure
2026-08-26 15:47:52 [JOB] Neues Abenteuer
2026-08-26 15:47:52 [NEW-ADV] Starte neues Abenteuer
2026-08-26 15:47:52 [NEW-ADV] ERROR Keine Welt geladen
2026-08-26 15:47:52 [JOB] Job j13 fertig
2026-08-26 15:47:58 [JOB] Starte Job j14 kind=command
2026-08-26 15:47:58 [JOB] Turn: nimm axt
2026-08-26 15:47:58 [TURN] Eingabe: nimm axt
2026-08-26 15:47:58 [TURN] Typ: fast
2026-08-26 15:47:58 [TURN] Fertig: won=1
2026-08-26 15:47:58 [JOB] Job j14 fertig
2026-08-26 15:48:02 [JOB] Starte Job j15 kind=new_adventure
2026-08-26 15:48:02 [JOB] Neues Abenteuer
2026-08-26 15:48:02 [NEW-ADV] Starte neues Abenteuer
2026-08-26 15:48:02 [NEW-ADV] ERROR Keine Welt geladen
2026-08-26 15:48:02 [JOB] Job j15 fertig
2026-08-26 15:48:10 [JOB] Starte Job j16 kind=command
2026-08-26 15:48:10 [JOB] Turn: geh nach westen
2026-08-26 15:48:10 [TURN] Eingabe: geh nach westen
2026-08-26 15:48:10 [TURN] Typ: fast
2026-08-26 15:48:10 [TURN] Fertig: won=1
2026-08-26 15:48:10 [JOB] Job j16 fertig
2026-08-26 15:51:42 [BOOT] Idle-Timeout, beende
2026-08-26 15:55:49 [BOOT] Worldd-Prozess gestartet
2026-08-26 15:55:49 [BOOT] Starte fuer Session s1787758901_4
2026-08-26 15:55:49 [BOOT] Lade Pack pack_core.json
2026-08-26 15:55:49 [BOOT] DB initialisiert, lese Config
2026-08-26 15:55:49 [BOOT] Weltname=wc_rundreise
2026-08-26 15:55:49 [BOOT] Bestehende Welt gefunden, lade sie
2026-08-26 15:55:49 [BOOT] Vorheriges Spiel wiederhergestellt
2026-08-26 15:55:49 [BOOT] Lore-Index gebaut
2026-08-26 15:55:49 [BOOT] BEREIT auf :8104
2026-08-26 15:58:10 [SRV] Neue Session-Anfrage
2026-08-26 15:58:10 [SRV] Session s1787759890_6 Port=8106 Welt=GTA
2026-08-26 15:58:10 [SRV] Starte Worker: ../bin/pipe worldd.pipe s1787759890_6 8106 600000
2026-08-26 15:58:10 [BOOT] Worldd-Prozess gestartet
2026-08-26 15:58:10 [BOOT] Starte fuer Session s1787759890_6
2026-08-26 15:58:10 [BOOT] Lade Pack pack_core.json
2026-08-26 15:58:10 [BOOT] DB initialisiert, lese Config
2026-08-26 15:58:10 [BOOT] Weltname=GTA
2026-08-26 15:58:10 [BOOT] Keine bestehende Welt — generiere neue
2026-08-26 15:58:10 [SRV] Session s1787759890_6 bereit=false
2026-08-26 15:58:11 [BOOT] Idle-Timeout, beende
2026-08-26 15:58:12 [BOOT] Modell=big-pickle
2026-08-26 15:58:12 [BOOT] Briefing vorhanden, starte gen_design
2026-08-26 15:58:12 [BOOT] Profil={stil: normal, schwierigkeit: normal}
2026-08-26 15:58:12 [GEN-DESIGN] === Starte Design-Generierung ===
2026-08-26 15:58:12 [GEN-DESIGN] Versuch 1/3 Modell=big-pickle
2026-08-26 15:58:53 [GEN-DESIGN] AI-Antwort erhalten (3111 Zeichen)
2026-08-26 15:58:53 [GEN-DESIGN] Validierung fehlgeschlagen: raumzahl muss zwischen 5 und 12 liegen
2026-08-26 15:58:53 [GEN-DESIGN] Versuch 2/3 Modell=big-pickle
2026-08-26 16:00:20 [GEN-DESIGN] ERROR AI-Call fehlgeschlagen: worldd.pipe: ai_chat: no content in message
  in fn(sleep)
  in fn(gen_design)
  in fn(sleep)
2026-08-26 16:00:20 [GEN-DESIGN] Versuch 3/3 Modell=big-pickle
2026-08-26 16:02:20 [GEN-DESIGN] AI-Antwort erhalten (272 Zeichen)
2026-08-26 16:02:20 [GEN-DESIGN] ERROR AI-Call fehlgeschlagen: worldd.pipe: parse_json: unexpected end of JSON input
  in fn(sleep)
  in fn(gen_design)
  in fn(parse_json)
2026-08-26 16:02:20 [BOOT] ERROR Design fehlgeschlagen: api
2026-08-26 16:02:20 [BOOT] Neues Spiel gestartet
2026-08-26 16:02:20 [BOOT] Lore-Index gebaut
2026-08-26 16:02:20 [BOOT] BEREIT auf :8106
2026-08-26 16:02:35 [JOB] Starte Job j1 kind=command
2026-08-26 16:02:35 [JOB] Turn: nimm fackel
2026-08-26 16:02:35 [TURN] Eingabe: nimm fackel
2026-08-26 16:02:35 [TURN] Typ: fast
2026-08-26 16:02:35 [TURN] Fertig: won=0
2026-08-26 16:02:35 [JOB] Job j1 fertig
2026-08-26 16:02:38 [JOB] Starte Job j2 kind=command
2026-08-26 16:02:38 [JOB] Turn: geh nach norden
2026-08-26 16:02:38 [TURN] Eingabe: geh nach norden
2026-08-26 16:02:38 [TURN] Typ: fast
2026-08-26 16:02:38 [TURN] Fertig: won=0
2026-08-26 16:02:38 [JOB] Job j2 fertig
2026-08-26 16:07:27 [SRV] Neue Session-Anfrage
2026-08-26 16:07:27 [SRV] Session s1787760447_7 Port=8107 Welt=GTA
2026-08-26 16:07:27 [SRV] Starte Worker: ../bin/pipe worldd.pipe s1787760447_7 8107 600000
2026-08-26 16:07:27 [BOOT] Worldd-Prozess gestartet
2026-08-26 16:07:27 [BOOT] Starte fuer Session s1787760447_7
2026-08-26 16:07:27 [BOOT] Lade Pack pack_core.json
2026-08-26 16:07:27 [BOOT] DB initialisiert, lese Config
2026-08-26 16:07:27 [BOOT] Weltname=GTA
2026-08-26 16:07:27 [BOOT] Bestehende Welt gefunden, lade sie
2026-08-26 16:07:27 [BOOT] Neues Spiel gestartet
2026-08-26 16:07:27 [BOOT] Lore-Index gebaut
2026-08-26 16:07:27 [BOOT] BEREIT auf :8107
2026-08-26 16:07:27 [SRV] Session s1787760447_7 bereit=true
2026-08-26 16:07:35 [JOB] Starte Job j1 kind=command
2026-08-26 16:07:35 [JOB] Turn: nimm fackel
2026-08-26 16:07:35 [TURN] Eingabe: nimm fackel
2026-08-26 16:07:35 [TURN] Typ: fast
2026-08-26 16:07:35 [TURN] Fertig: won=0
2026-08-26 16:07:35 [JOB] Job j1 fertig
2026-08-26 16:07:37 [JOB] Starte Job j2 kind=command
2026-08-26 16:07:37 [JOB] Turn: geh nach norden
2026-08-26 16:07:37 [TURN] Eingabe: geh nach norden
2026-08-26 16:07:37 [TURN] Typ: fast
2026-08-26 16:07:37 [TURN] Fertig: won=0
2026-08-26 16:07:37 [JOB] Job j2 fertig
2026-08-26 16:07:44 [JOB] Starte Job j3 kind=command
2026-08-26 16:07:44 [JOB] Turn: geh nach osten
2026-08-26 16:07:44 [TURN] Eingabe: geh nach osten
2026-08-26 16:07:44 [TURN] Typ: fast
2026-08-26 16:07:44 [TURN] Fertig: won=0
2026-08-26 16:07:44 [JOB] Job j3 fertig
2026-08-26 16:07:46 [JOB] Starte Job j4 kind=command
2026-08-26 16:07:46 [JOB] Turn: nimm fackel
2026-08-26 16:07:46 [TURN] Eingabe: nimm fackel
2026-08-26 16:07:46 [TURN] Typ: fast
2026-08-26 16:07:46 [TURN] Fertig: won=0
2026-08-26 16:07:46 [JOB] Job j4 fertig
2026-08-26 16:07:52 [JOB] Starte Job j5 kind=command
2026-08-26 16:07:52 [JOB] Turn: rede mit kraemerin_hilda
2026-08-26 16:07:52 [TURN] Eingabe: rede mit kraemerin_hilda
2026-08-26 16:07:52 [TURN] Typ: narrator
2026-08-26 16:07:52 [NARRATOR] Starte Narrator-Antwort
2026-08-26 16:07:52 [NARRATOR] Teste Modell big-pickle
2026-08-26 16:08:13 [NARRATOR] Modell big-pickle fehlgeschlagen: worldd.pipe: ai_with_tools: max tool rounds (5) exceeded without final response
  in fn(sleep)
  in fn(api_turn)
  in fn(process_turn)
  in fn(narrator_reply)
  in fn(sleep)
2026-08-26 16:08:13 [NARRATOR] ERROR Alle Modelle fehlgeschlagen
2026-08-26 16:08:13 [TURN] ERROR Alle Modelle nicht erreichbar
2026-08-26 16:08:13 [TURN] Fertig: won=0
2026-08-26 16:08:13 [JOB] Job j5 fertig
2026-08-26 16:08:21 [JOB] Starte Job j6 kind=command
2026-08-26 16:08:21 [JOB] Turn: rede mit kraemerin_hilda
2026-08-26 16:08:21 [TURN] Eingabe: rede mit kraemerin_hilda
2026-08-26 16:08:21 [TURN] Typ: narrator
2026-08-26 16:08:21 [NARRATOR] Starte Narrator-Antwort
2026-08-26 16:08:21 [NARRATOR] Teste Modell big-pickle
2026-08-26 16:08:48 [NARRATOR] Modell big-pickle hat geantwortet (341 Zeichen)
2026-08-26 16:08:48 [TURN] Fertig: won=0
2026-08-26 16:08:48 [JOB] Job j6 fertig
2026-08-26 16:09:08 [JOB] Starte Job j7 kind=command
2026-08-26 16:09:08 [JOB] Turn: geh nach westen
2026-08-26 16:09:08 [TURN] Eingabe: geh nach westen
2026-08-26 16:09:08 [TURN] Typ: fast
2026-08-26 16:09:08 [TURN] Fertig: won=0
2026-08-26 16:09:08 [JOB] Job j7 fertig
2026-08-26 16:09:11 [JOB] Starte Job j8 kind=command
2026-08-26 16:09:11 [JOB] Turn: geh nach osten
2026-08-26 16:09:11 [TURN] Eingabe: geh nach osten
2026-08-26 16:09:11 [TURN] Typ: fast
2026-08-26 16:09:11 [TURN] Fertig: won=0
2026-08-26 16:09:11 [JOB] Job j8 fertig
2026-08-26 16:09:14 [JOB] Starte Job j9 kind=command
2026-08-26 16:09:14 [JOB] Turn: geh nach sueden
2026-08-26 16:09:14 [TURN] Eingabe: geh nach sueden
2026-08-26 16:09:14 [TURN] Typ: fast
2026-08-26 16:09:14 [TURN] Fertig: won=0
2026-08-26 16:09:14 [JOB] Job j9 fertig
2026-08-26 16:09:18 [JOB] Starte Job j10 kind=command
2026-08-26 16:09:18 [JOB] Turn: geh nach norden
2026-08-26 16:09:18 [TURN] Eingabe: geh nach norden
2026-08-26 16:09:18 [TURN] Typ: fast
2026-08-26 16:09:18 [TURN] Fertig: won=0
2026-08-26 16:09:18 [JOB] Job j10 fertig
2026-08-26 16:09:21 [JOB] Starte Job j11 kind=command
2026-08-26 16:09:21 [JOB] Turn: geh nach westen
2026-08-26 16:09:21 [TURN] Eingabe: geh nach westen
2026-08-26 16:09:21 [TURN] Typ: fast
2026-08-26 16:09:21 [TURN] Fertig: won=0
2026-08-26 16:09:21 [JOB] Job j11 fertig
2026-08-26 16:09:23 [JOB] Starte Job j12 kind=command
2026-08-26 16:09:23 [JOB] Turn: geh nach osten
2026-08-26 16:09:23 [TURN] Eingabe: geh nach osten
2026-08-26 16:09:23 [TURN] Typ: fast
2026-08-26 16:09:23 [TURN] Fertig: won=0
2026-08-26 16:09:23 [JOB] Job j12 fertig
2026-08-26 16:09:25 [JOB] Starte Job j13 kind=command
2026-08-26 16:09:25 [JOB] Turn: geh nach sueden
2026-08-26 16:09:25 [TURN] Eingabe: geh nach sueden
2026-08-26 16:09:25 [TURN] Typ: fast
2026-08-26 16:09:25 [TURN] Fertig: won=0
2026-08-26 16:09:25 [JOB] Job j13 fertig
2026-08-26 16:09:27 [JOB] Starte Job j14 kind=command
2026-08-26 16:09:27 [JOB] Turn: geh nach norden
2026-08-26 16:09:27 [TURN] Eingabe: geh nach norden
2026-08-26 16:09:27 [TURN] Typ: fast
2026-08-26 16:09:27 [TURN] Fertig: won=0
2026-08-26 16:09:27 [JOB] Job j14 fertig
2026-08-26 16:09:29 [JOB] Starte Job j15 kind=command
2026-08-26 16:09:29 [JOB] Turn: geh nach westen
2026-08-26 16:09:29 [TURN] Eingabe: geh nach westen
2026-08-26 16:09:29 [TURN] Typ: fast
2026-08-26 16:09:29 [TURN] Fertig: won=0
2026-08-26 16:09:29 [JOB] Job j15 fertig
2026-08-26 16:09:31 [JOB] Starte Job j16 kind=command
2026-08-26 16:09:31 [JOB] Turn: geh nach sueden
2026-08-26 16:09:31 [TURN] Eingabe: geh nach sueden
2026-08-26 16:09:31 [TURN] Typ: fast
2026-08-26 16:09:31 [TURN] Fertig: won=0
2026-08-26 16:09:31 [JOB] Job j16 fertig
2026-08-26 16:09:33 [JOB] Starte Job j17 kind=command
2026-08-26 16:09:33 [JOB] Turn: geh nach norden
2026-08-26 16:09:33 [TURN] Eingabe: geh nach norden
2026-08-26 16:09:33 [TURN] Typ: fast
2026-08-26 16:09:33 [TURN] Fertig: won=0
2026-08-26 16:09:33 [JOB] Job j17 fertig
2026-08-26 16:09:35 [JOB] Starte Job j18 kind=command
2026-08-26 16:09:35 [JOB] Turn: geh nach osten
2026-08-26 16:09:35 [TURN] Eingabe: geh nach osten
2026-08-26 16:09:35 [TURN] Typ: fast
2026-08-26 16:09:35 [TURN] Fertig: won=0
2026-08-26 16:09:35 [JOB] Job j18 fertig
2026-08-26 16:09:38 [JOB] Starte Job j19 kind=command
2026-08-26 16:09:38 [JOB] Turn: geh nach westen
2026-08-26 16:09:38 [TURN] Eingabe: geh nach westen
2026-08-26 16:09:38 [TURN] Typ: fast
2026-08-26 16:09:38 [TURN] Fertig: won=0
2026-08-26 16:09:38 [JOB] Job j19 fertig
2026-08-26 16:09:40 [JOB] Starte Job j20 kind=command
2026-08-26 16:09:40 [JOB] Turn: geh nach sueden
2026-08-26 16:09:40 [TURN] Eingabe: geh nach sueden
2026-08-26 16:09:40 [TURN] Typ: fast
2026-08-26 16:09:40 [TURN] Fertig: won=0
2026-08-26 16:09:40 [JOB] Job j20 fertig
2026-08-26 16:09:42 [JOB] Starte Job j21 kind=command
2026-08-26 16:09:42 [JOB] Turn: geh nach norden
2026-08-26 16:09:42 [TURN] Eingabe: geh nach norden
2026-08-26 16:09:42 [TURN] Typ: fast
2026-08-26 16:09:42 [TURN] Fertig: won=0
2026-08-26 16:09:42 [JOB] Job j21 fertig
2026-08-26 16:09:44 [JOB] Starte Job j22 kind=command
2026-08-26 16:09:44 [JOB] Turn: geh nach sueden
2026-08-26 16:09:44 [TURN] Eingabe: geh nach sueden
2026-08-26 16:09:44 [TURN] Typ: fast
2026-08-26 16:09:44 [TURN] Fertig: won=0
2026-08-26 16:09:44 [JOB] Job j22 fertig
2026-08-26 16:09:45 [JOB] Starte Job j23 kind=command
2026-08-26 16:09:45 [JOB] Turn: geh nach norden
2026-08-26 16:09:45 [TURN] Eingabe: geh nach norden
2026-08-26 16:09:45 [TURN] Typ: fast
2026-08-26 16:09:46 [TURN] Fertig: won=0
2026-08-26 16:09:46 [JOB] Job j23 fertig
2026-08-26 16:09:47 [JOB] Starte Job j24 kind=command
2026-08-26 16:09:47 [JOB] Turn: geh nach osten
2026-08-26 16:09:47 [TURN] Eingabe: geh nach osten
2026-08-26 16:09:47 [TURN] Typ: fast
2026-08-26 16:09:47 [TURN] Fertig: won=0
2026-08-26 16:09:48 [JOB] Job j24 fertig
2026-08-26 16:09:54 [JOB] Starte Job j25 kind=command
2026-08-26 16:09:54 [JOB] Turn: geh nach westen
2026-08-26 16:09:54 [TURN] Eingabe: geh nach westen
2026-08-26 16:09:54 [TURN] Typ: fast
2026-08-26 16:09:54 [TURN] Fertig: won=0
2026-08-26 16:09:54 [JOB] Job j25 fertig
2026-08-26 16:09:58 [JOB] Starte Job j26 kind=command
2026-08-26 16:09:58 [JOB] Turn: geh nach osten
2026-08-26 16:09:58 [TURN] Eingabe: geh nach osten
2026-08-26 16:09:58 [TURN] Typ: fast
2026-08-26 16:09:58 [TURN] Fertig: won=0
2026-08-26 16:09:58 [JOB] Job j26 fertig
2026-08-26 16:10:05 [JOB] Starte Job j27 kind=command
2026-08-26 16:10:05 [JOB] Turn: geh nach sueden
2026-08-26 16:10:05 [TURN] Eingabe: geh nach sueden
2026-08-26 16:10:05 [TURN] Typ: fast
2026-08-26 16:10:05 [TURN] Fertig: won=0
2026-08-26 16:10:05 [JOB] Job j27 fertig
2026-08-26 16:10:08 [JOB] Starte Job j28 kind=command
2026-08-26 16:10:08 [JOB] Turn: geh nach westen
2026-08-26 16:10:08 [TURN] Eingabe: geh nach westen
2026-08-26 16:10:08 [TURN] Typ: fast
2026-08-26 16:10:08 [TURN] Fertig: won=0
2026-08-26 16:10:08 [JOB] Job j28 fertig
2026-08-26 16:10:10 [JOB] Starte Job j29 kind=command
2026-08-26 16:10:10 [JOB] Turn: geh nach osten
2026-08-26 16:10:10 [TURN] Eingabe: geh nach osten
2026-08-26 16:10:10 [TURN] Typ: fast
2026-08-26 16:10:10 [TURN] Fertig: won=0
2026-08-26 16:10:10 [JOB] Job j29 fertig
2026-08-26 16:10:12 [JOB] Starte Job j30 kind=command
2026-08-26 16:10:12 [JOB] Turn: geh nach westen
2026-08-26 16:10:12 [TURN] Eingabe: geh nach westen
2026-08-26 16:10:12 [TURN] Typ: fast
2026-08-26 16:10:12 [TURN] Fertig: won=0
2026-08-26 16:10:12 [JOB] Job j30 fertig
2026-08-26 16:10:14 [JOB] Starte Job j31 kind=command
2026-08-26 16:10:14 [JOB] Turn: geh nach norden
2026-08-26 16:10:14 [TURN] Eingabe: geh nach norden
2026-08-26 16:10:14 [TURN] Typ: fast
2026-08-26 16:10:14 [TURN] Fertig: won=0
2026-08-26 16:10:14 [JOB] Job j31 fertig
2026-08-26 16:10:15 [JOB] Starte Job j32 kind=command
2026-08-26 16:10:15 [JOB] Turn: geh nach sueden
2026-08-26 16:10:15 [TURN] Eingabe: geh nach sueden
2026-08-26 16:10:15 [TURN] Typ: fast
2026-08-26 16:10:15 [TURN] Fertig: won=0
2026-08-26 16:10:15 [JOB] Job j32 fertig
2026-08-26 16:10:26 [JOB] Starte Job j33 kind=command
2026-08-26 16:10:26 [JOB] Turn: geh nach osten
2026-08-26 16:10:26 [TURN] Eingabe: geh nach osten
2026-08-26 16:10:26 [TURN] Typ: fast
2026-08-26 16:10:26 [TURN] Fertig: won=0
2026-08-26 16:10:26 [JOB] Job j33 fertig
2026-08-26 16:10:29 [JOB] Starte Job j34 kind=command
2026-08-26 16:10:29 [JOB] Turn: geh nach westen
2026-08-26 16:10:29 [TURN] Eingabe: geh nach westen
2026-08-26 16:10:29 [TURN] Typ: fast
2026-08-26 16:10:29 [TURN] Fertig: won=0
2026-08-26 16:10:29 [JOB] Job j34 fertig
2026-08-26 16:10:32 [JOB] Starte Job j35 kind=command
2026-08-26 16:10:32 [JOB] Turn: geh nach osten
2026-08-26 16:10:32 [TURN] Eingabe: geh nach osten
2026-08-26 16:10:32 [TURN] Typ: fast
2026-08-26 16:10:32 [TURN] Fertig: won=0
2026-08-26 16:10:32 [JOB] Job j35 fertig
2026-08-26 16:10:34 [JOB] Starte Job j36 kind=command
2026-08-26 16:10:34 [JOB] Turn: geh nach norden
2026-08-26 16:10:34 [TURN] Eingabe: geh nach norden
2026-08-26 16:10:34 [TURN] Typ: fast
2026-08-26 16:10:34 [TURN] Fertig: won=0
2026-08-26 16:10:34 [JOB] Job j36 fertig
2026-08-26 16:10:40 [JOB] Starte Job j37 kind=command
2026-08-26 16:10:40 [JOB] Turn: kauf ...
2026-08-26 16:10:40 [TURN] Eingabe: kauf ...
2026-08-26 16:10:40 [TURN] Typ: fast
2026-08-26 16:10:40 [TURN] Fertig: won=0
2026-08-26 16:10:40 [JOB] Job j37 fertig
2026-08-26 16:10:53 [JOB] Starte Job j38 kind=command
2026-08-26 16:10:53 [JOB] Turn: nimm fackel
2026-08-26 16:10:53 [TURN] Eingabe: nimm fackel
2026-08-26 16:10:53 [TURN] Typ: fast
2026-08-26 16:10:53 [TURN] Fertig: won=0
2026-08-26 16:10:53 [JOB] Job j38 fertig
2026-08-26 16:11:09 [JOB] Starte Job j39 kind=command
2026-08-26 16:11:09 [JOB] Turn: Was verkaufst du?
2026-08-26 16:11:09 [TURN] Eingabe: Was verkaufst du?
2026-08-26 16:11:09 [TURN] Typ: narrator
2026-08-26 16:11:09 [NARRATOR] Starte Narrator-Antwort
2026-08-26 16:11:09 [NARRATOR] Teste Modell big-pickle
2026-08-26 16:11:39 [NARRATOR] Modell big-pickle fehlgeschlagen: worldd.pipe: ai_with_tools: max tool rounds (5) exceeded without final response
  in fn(sleep)
  in fn(sleep)
  in fn(sleep)
  in fn(sleep)
  in fn(handle_root)
  in fn(route_job)
  in fn(api_turn)
  in fn(sleep)
2026-08-26 16:11:39 [NARRATOR] ERROR Alle Modelle fehlgeschlagen
2026-08-26 16:11:39 [TURN] ERROR Alle Modelle nicht erreichbar
2026-08-26 16:11:39 [TURN] Fertig: won=0
2026-08-26 16:11:40 [JOB] Job j39 fertig
2026-08-26 16:12:38 [BOOT] Idle-Timeout, beende
2026-08-26 16:14:02 [SRV] Neue Session-Anfrage
2026-08-26 16:14:02 [SRV] Session s1787760842_8 Port=8108 Welt=wachstum
2026-08-26 16:14:02 [SRV] Starte Worker: ../bin/pipe worldd.pipe s1787760842_8 8108 600000
2026-08-26 16:14:02 [BOOT] Worldd-Prozess gestartet
2026-08-26 16:14:02 [BOOT] Starte fuer Session s1787760842_8
2026-08-26 16:14:02 [BOOT] Lade Pack pack_core.json
2026-08-26 16:14:02 [BOOT] DB initialisiert, lese Config
2026-08-26 16:14:02 [BOOT] Weltname=wachstum
2026-08-26 16:14:02 [BOOT] Bestehende Welt gefunden, lade sie
2026-08-26 16:14:02 [BOOT] Neues Spiel gestartet
2026-08-26 16:14:02 [BOOT] Lore-Index gebaut
2026-08-26 16:14:02 [BOOT] BEREIT auf :8108
2026-08-26 16:14:02 [SRV] Session s1787760842_8 bereit=true
2026-08-26 16:14:06 [JOB] Starte Job j1 kind=command
2026-08-26 16:14:06 [JOB] Turn: nimm fackel
2026-08-26 16:14:06 [TURN] Eingabe: nimm fackel
2026-08-26 16:14:06 [TURN] Typ: fast
2026-08-26 16:14:06 [TURN] Fertig: won=0
2026-08-26 16:14:06 [JOB] Job j1 fertig
2026-08-26 16:14:08 [JOB] Starte Job j2 kind=command
2026-08-26 16:14:08 [JOB] Turn: geh nach norden
2026-08-26 16:14:08 [TURN] Eingabe: geh nach norden
2026-08-26 16:14:08 [TURN] Typ: fast
2026-08-26 16:14:08 [TURN] Fertig: won=0
2026-08-26 16:14:08 [JOB] Job j2 fertig
2026-08-26 16:14:19 [SRV] Neue Session-Anfrage
2026-08-26 16:14:19 [SRV] Session s1787760859_9 Port=8109 Welt=wc_rundreise
2026-08-26 16:14:19 [SRV] Starte Worker: ../bin/pipe worldd.pipe s1787760859_9 8109 600000
2026-08-26 16:14:19 [BOOT] Worldd-Prozess gestartet
2026-08-26 16:14:19 [BOOT] Starte fuer Session s1787760859_9
2026-08-26 16:14:19 [BOOT] Lade Pack pack_core.json
2026-08-26 16:14:20 [BOOT] DB initialisiert, lese Config
2026-08-26 16:14:20 [BOOT] Weltname=wc_rundreise
2026-08-26 16:14:20 [BOOT] Bestehende Welt gefunden, lade sie
2026-08-26 16:14:20 [BOOT] Neues Spiel gestartet
2026-08-26 16:14:20 [BOOT] Lore-Index gebaut
2026-08-26 16:14:20 [BOOT] BEREIT auf :8109
2026-08-26 16:14:20 [SRV] Session s1787760859_9 bereit=true
2026-08-26 16:14:27 [SRV] Neue Session-Anfrage
2026-08-26 16:14:27 [SRV] Session s1787760867_10 Port=8110 Welt=test
2026-08-26 16:14:27 [SRV] Starte Worker: ../bin/pipe worldd.pipe s1787760867_10 8110 600000
2026-08-26 16:14:27 [BOOT] Worldd-Prozess gestartet
2026-08-26 16:14:27 [BOOT] Starte fuer Session s1787760867_10
2026-08-26 16:14:27 [BOOT] Lade Pack pack_core.json
2026-08-26 16:14:27 [BOOT] DB initialisiert, lese Config
2026-08-26 16:14:27 [BOOT] Weltname=test
2026-08-26 16:14:28 [BOOT] Bestehende Welt gefunden, lade sie
2026-08-26 16:14:28 [BOOT] Neues Spiel gestartet
2026-08-26 16:14:28 [BOOT] Lore-Index gebaut
2026-08-26 16:14:28 [BOOT] BEREIT auf :8110
2026-08-26 16:14:28 [SRV] Session s1787760867_10 bereit=true
2026-08-26 16:14:38 [SRV] Neue Session-Anfrage
2026-08-26 16:14:38 [SRV] Session s1787760878_11 Port=8111 Welt=s1787755381_1
2026-08-26 16:14:38 [SRV] Starte Worker: ../bin/pipe worldd.pipe s1787760878_11 8111 600000
2026-08-26 16:14:38 [BOOT] Worldd-Prozess gestartet
2026-08-26 16:14:38 [BOOT] Starte fuer Session s1787760878_11
2026-08-26 16:14:38 [BOOT] Lade Pack pack_core.json
2026-08-26 16:14:38 [BOOT] DB initialisiert, lese Config
2026-08-26 16:14:38 [BOOT] Weltname=s1787755381_1
2026-08-26 16:14:38 [BOOT] Bestehende Welt gefunden, lade sie
2026-08-26 16:14:38 [BOOT] Neues Spiel gestartet
2026-08-26 16:14:38 [BOOT] Lore-Index gebaut
2026-08-26 16:14:38 [BOOT] BEREIT auf :8111
2026-08-26 16:14:38 [SRV] Session s1787760878_11 bereit=true
2026-08-26 16:14:47 [SRV] Neue Session-Anfrage
2026-08-26 16:14:47 [SRV] Session s1787760887_12 Port=8112 Welt=nebeltal
2026-08-26 16:14:47 [SRV] Starte Worker: ../bin/pipe worldd.pipe s1787760887_12 8112 600000
2026-08-26 16:14:47 [BOOT] Worldd-Prozess gestartet
2026-08-26 16:14:47 [BOOT] Starte fuer Session s1787760887_12
2026-08-26 16:14:47 [BOOT] Lade Pack pack_core.json
2026-08-26 16:14:47 [BOOT] DB initialisiert, lese Config
2026-08-26 16:14:47 [BOOT] Weltname=nebeltal
2026-08-26 16:14:48 [BOOT] Bestehende Welt gefunden, lade sie
2026-08-26 16:14:48 [BOOT] Neues Spiel gestartet
2026-08-26 16:14:48 [BOOT] Lore-Index gebaut
2026-08-26 16:14:48 [BOOT] BEREIT auf :8112
2026-08-26 16:14:48 [SRV] Session s1787760887_12 bereit=true
2026-08-26 16:14:50 [JOB] Starte Job j1 kind=command
2026-08-26 16:14:50 [JOB] Turn: geh nach norden
2026-08-26 16:14:50 [TURN] Eingabe: geh nach norden
2026-08-26 16:14:50 [TURN] Typ: fast
2026-08-26 16:14:50 [TURN] Fertig: won=0
2026-08-26 16:14:50 [JOB] Job j1 fertig
2026-08-26 16:14:54 [JOB] Starte Job j2 kind=command
2026-08-26 16:14:54 [JOB] Turn: nimm gegengift
2026-08-26 16:14:54 [TURN] Eingabe: nimm gegengift
2026-08-26 16:14:54 [TURN] Typ: fast
2026-08-26 16:14:54 [TURN] Fertig: won=0
2026-08-26 16:14:54 [JOB] Job j2 fertig
2026-08-26 16:14:59 [JOB] Starte Job j3 kind=command
2026-08-26 16:14:59 [JOB] Turn: geh nach westen
2026-08-26 16:14:59 [TURN] Eingabe: geh nach westen
2026-08-26 16:14:59 [TURN] Typ: fast
2026-08-26 16:14:59 [TURN] Fertig: won=0
2026-08-26 16:14:59 [JOB] Job j3 fertig
2026-08-26 16:15:01 [JOB] Starte Job j4 kind=command
2026-08-26 16:15:01 [JOB] Turn: nimm dietrich
2026-08-26 16:15:01 [TURN] Eingabe: nimm dietrich
2026-08-26 16:15:01 [TURN] Typ: fast
2026-08-26 16:15:01 [TURN] Fertig: won=0
2026-08-26 16:15:01 [JOB] Job j4 fertig
2026-08-26 16:15:02 [JOB] Starte Job j5 kind=command
2026-08-26 16:15:02 [JOB] Turn: nimm heiltrank
2026-08-26 16:15:02 [TURN] Eingabe: nimm heiltrank
2026-08-26 16:15:02 [TURN] Typ: fast
2026-08-26 16:15:02 [TURN] Fertig: won=0
2026-08-26 16:15:02 [JOB] Job j5 fertig
2026-08-26 16:15:10 [JOB] Starte Job j6 kind=command
2026-08-26 16:15:10 [JOB] Turn: rede mit kraemerin_hilda
2026-08-26 16:15:10 [TURN] Eingabe: rede mit kraemerin_hilda
2026-08-26 16:15:10 [TURN] Typ: narrator
2026-08-26 16:15:10 [NARRATOR] Starte Narrator-Antwort
2026-08-26 16:15:10 [NARRATOR] Teste Modell big-pickle
2026-08-26 16:15:41 [NARRATOR] Modell big-pickle fehlgeschlagen: worldd.pipe: ai_with_tools: max tool rounds (5) exceeded without final response
  in fn(sleep)
  in fn(api_turn)
  in fn(process_turn)
  in fn(narrator_reply)
  in fn(sleep)
2026-08-26 16:15:41 [NARRATOR] ERROR Alle Modelle fehlgeschlagen
2026-08-26 16:15:41 [TURN] ERROR Alle Modelle nicht erreichbar
2026-08-26 16:15:41 [TURN] Fertig: won=0
2026-08-26 16:15:41 [JOB] Job j6 fertig
2026-08-26 16:15:57 [JOB] Starte Job j7 kind=command
2026-08-26 16:15:57 [JOB] Turn: geh nach osten
2026-08-26 16:15:57 [TURN] Eingabe: geh nach osten
2026-08-26 16:15:57 [TURN] Typ: fast
2026-08-26 16:15:57 [TURN] Fertig: won=0
2026-08-26 16:15:57 [JOB] Job j7 fertig
2026-08-26 16:16:00 [JOB] Starte Job j8 kind=command
2026-08-26 16:16:00 [JOB] Turn: rede mit tempelwacht_sirine
2026-08-26 16:16:00 [TURN] Eingabe: rede mit tempelwacht_sirine
2026-08-26 16:16:00 [TURN] Typ: narrator
2026-08-26 16:16:00 [NARRATOR] Starte Narrator-Antwort
2026-08-26 16:16:00 [NARRATOR] Teste Modell big-pickle
2026-08-26 16:16:11 [NARRATOR] Modell big-pickle hat geantwortet (186 Zeichen)
2026-08-26 16:16:11 [TURN] Fertig: won=0
2026-08-26 16:16:11 [JOB] Job j8 fertig
2026-08-26 16:16:24 [JOB] Starte Job j9 kind=command
2026-08-26 16:16:24 [JOB] Turn: geh nach westen
2026-08-26 16:16:24 [TURN] Eingabe: geh nach westen
2026-08-26 16:16:24 [TURN] Typ: fast
2026-08-26 16:16:24 [TURN] Fertig: won=0
2026-08-26 16:16:24 [JOB] Job j9 fertig
2026-08-26 16:16:26 [JOB] Starte Job j10 kind=command
2026-08-26 16:16:26 [JOB] Turn: geh nach osten
2026-08-26 16:16:26 [TURN] Eingabe: geh nach osten
2026-08-26 16:16:26 [TURN] Typ: fast
2026-08-26 16:16:26 [TURN] Fertig: won=0
2026-08-26 16:16:26 [JOB] Job j10 fertig
2026-08-26 16:16:28 [JOB] Starte Job j11 kind=command
2026-08-26 16:16:28 [JOB] Turn: geh nach westen
2026-08-26 16:16:28 [TURN] Eingabe: geh nach westen
2026-08-26 16:16:28 [TURN] Typ: fast
2026-08-26 16:16:28 [TURN] Fertig: won=0
2026-08-26 16:16:28 [JOB] Job j11 fertig
2026-08-26 16:16:30 [JOB] Starte Job j12 kind=command
2026-08-26 16:16:30 [JOB] Turn: geh nach osten
2026-08-26 16:16:30 [TURN] Eingabe: geh nach osten
2026-08-26 16:16:30 [TURN] Typ: fast
2026-08-26 16:16:30 [TURN] Fertig: won=0
2026-08-26 16:16:30 [JOB] Job j12 fertig
2026-08-26 16:16:34 [JOB] Starte Job j13 kind=command
2026-08-26 16:16:34 [JOB] Turn: geh nach norden
2026-08-26 16:16:34 [TURN] Eingabe: geh nach norden
2026-08-26 16:16:34 [TURN] Typ: fast
2026-08-26 16:16:34 [TURN] Fertig: won=0
2026-08-26 16:16:34 [JOB] Job j13 fertig
2026-08-26 16:16:36 [JOB] Starte Job j14 kind=command
2026-08-26 16:16:36 [JOB] Turn: greife fluchgeist an
2026-08-26 16:16:36 [TURN] Eingabe: greife fluchgeist an
2026-08-26 16:16:36 [TURN] Typ: fast
2026-08-26 16:16:36 [TURN] Fertig: won=0
2026-08-26 16:16:36 [JOB] Job j14 fertig
2026-08-26 16:16:39 [JOB] Starte Job j15 kind=command
2026-08-26 16:16:39 [JOB] Turn: greife fluchgeist an
2026-08-26 16:16:39 [TURN] Eingabe: greife fluchgeist an
2026-08-26 16:16:39 [TURN] Typ: fast
2026-08-26 16:16:39 [TURN] Fertig: won=0
2026-08-26 16:16:39 [JOB] Job j15 fertig
2026-08-26 16:16:42 [JOB] Starte Job j16 kind=command
2026-08-26 16:16:42 [JOB] Turn: greife fluchgeist an
2026-08-26 16:16:42 [TURN] Eingabe: greife fluchgeist an
2026-08-26 16:16:42 [TURN] Typ: fast
2026-08-26 16:16:42 [TURN] Fertig: won=0
2026-08-26 16:16:42 [JOB] Job j16 fertig
2026-08-26 16:16:44 [JOB] Starte Job j17 kind=command
2026-08-26 16:16:44 [JOB] Turn: nimm altes_amulett
2026-08-26 16:16:44 [TURN] Eingabe: nimm altes_amulett
2026-08-26 16:16:44 [TURN] Typ: fast
2026-08-26 16:16:44 [TURN] Fertig: won=0
2026-08-26 16:16:44 [JOB] Job j17 fertig
2026-08-26 16:16:46 [JOB] Starte Job j18 kind=command
2026-08-26 16:16:46 [JOB] Turn: geh nach sueden
2026-08-26 16:16:46 [TURN] Eingabe: geh nach sueden
2026-08-26 16:16:46 [TURN] Typ: fast
2026-08-26 16:16:46 [TURN] Fertig: won=0
2026-08-26 16:16:46 [JOB] Job j18 fertig
2026-08-26 16:16:51 [JOB] Starte Job j19 kind=command
2026-08-26 16:16:51 [JOB] Turn: geh nach norden
2026-08-26 16:16:51 [TURN] Eingabe: geh nach norden
2026-08-26 16:16:51 [TURN] Typ: fast
2026-08-26 16:16:51 [TURN] Fertig: won=0
2026-08-26 16:16:51 [JOB] Job j19 fertig
2026-08-26 16:16:53 [JOB] Starte Job j20 kind=command
2026-08-26 16:16:53 [JOB] Turn: geh nach osten
2026-08-26 16:16:53 [TURN] Eingabe: geh nach osten
2026-08-26 16:16:53 [TURN] Typ: fast
2026-08-26 16:16:53 [TURN] Fertig: won=0
2026-08-26 16:16:53 [JOB] Job j20 fertig
2026-08-26 16:16:55 [JOB] Starte Job j21 kind=command
2026-08-26 16:16:55 [JOB] Turn: nimm krafttrank
2026-08-26 16:16:55 [TURN] Eingabe: nimm krafttrank
2026-08-26 16:16:55 [TURN] Typ: fast
2026-08-26 16:16:55 [TURN] Fertig: won=0
2026-08-26 16:16:55 [JOB] Job j21 fertig
2026-08-26 16:17:07 [JOB] Starte Job j22 kind=command
2026-08-26 16:17:07 [JOB] Turn: benutze krafttrank
2026-08-26 16:17:07 [TURN] Eingabe: benutze krafttrank
2026-08-26 16:17:07 [TURN] Typ: fast
2026-08-26 16:17:07 [TURN] Fertig: won=0
2026-08-26 16:17:07 [JOB] Job j22 fertig
2026-08-26 16:17:11 [JOB] Starte Job j23 kind=command
2026-08-26 16:17:11 [JOB] Turn: greife skelett an
2026-08-26 16:17:11 [TURN] Eingabe: greife skelett an
2026-08-26 16:17:11 [TURN] Typ: fast
2026-08-26 16:17:11 [TURN] Fertig: won=0
2026-08-26 16:17:11 [JOB] Job j23 fertig
2026-08-26 16:17:13 [JOB] Starte Job j24 kind=command
2026-08-26 16:17:13 [JOB] Turn: greife skelett an
2026-08-26 16:17:13 [TURN] Eingabe: greife skelett an
2026-08-26 16:17:13 [TURN] Typ: fast
2026-08-26 16:17:13 [TURN] Fertig: won=0
2026-08-26 16:17:13 [JOB] Job j24 fertig
2026-08-26 16:17:14 [JOB] Starte Job j25 kind=command
2026-08-26 16:17:14 [JOB] Turn: greife skelett an
2026-08-26 16:17:14 [TURN] Eingabe: greife skelett an
2026-08-26 16:17:14 [TURN] Typ: fast
2026-08-26 16:17:14 [TURN] Fertig: won=1
2026-08-26 16:17:14 [JOB] Job j25 fertig
2026-08-26 16:17:20 [JOB] Starte Job j26 kind=new_adventure
2026-08-26 16:17:20 [JOB] Neues Abenteuer
2026-08-26 16:17:20 [NEW-ADV] Starte neues Abenteuer
2026-08-26 16:17:20 [NEW-ADV] ERROR Keine Welt geladen
2026-08-26 16:17:20 [JOB] Job j26 fertig
2026-08-26 16:17:21 [JOB] Starte Job j27 kind=command
2026-08-26 16:17:21 [JOB] Turn: nimm axt
2026-08-26 16:17:21 [TURN] Eingabe: nimm axt
2026-08-26 16:17:21 [TURN] Typ: fast
2026-08-26 16:17:21 [TURN] Fertig: won=1
2026-08-26 16:17:21 [JOB] Job j27 fertig
2026-08-26 16:17:24 [JOB] Starte Job j28 kind=new_adventure
2026-08-26 16:17:24 [JOB] Neues Abenteuer
2026-08-26 16:17:24 [NEW-ADV] Starte neues Abenteuer
2026-08-26 16:17:24 [NEW-ADV] ERROR Keine Welt geladen
2026-08-26 16:17:24 [JOB] Job j28 fertig
2026-08-26 16:17:32 [JOB] Starte Job j29 kind=command
2026-08-26 16:17:32 [JOB] Turn: inventar
2026-08-26 16:17:32 [TURN] Eingabe: inventar
2026-08-26 16:17:32 [TURN] Typ: fast
2026-08-26 16:17:32 [TURN] Fertig: won=1
2026-08-26 16:17:32 [JOB] Job j29 fertig
2026-08-26 16:17:40 [JOB] Starte Job j30 kind=command
2026-08-26 16:17:40 [JOB] Turn: geh nach westen
2026-08-26 16:17:40 [TURN] Eingabe: geh nach westen
2026-08-26 16:17:40 [TURN] Typ: fast
2026-08-26 16:17:40 [TURN] Fertig: won=1
2026-08-26 16:17:40 [JOB] Job j30 fertig
2026-08-26 16:17:43 [JOB] Starte Job j31 kind=new_adventure
2026-08-26 16:17:43 [JOB] Neues Abenteuer
2026-08-26 16:17:43 [NEW-ADV] Starte neues Abenteuer
2026-08-26 16:17:43 [NEW-ADV] ERROR Keine Welt geladen
2026-08-26 16:17:43 [JOB] Job j31 fertig
2026-08-26 16:17:47 [JOB] Starte Job j32 kind=command
2026-08-26 16:17:47 [JOB] Turn: geh nach westen
2026-08-26 16:17:47 [TURN] Eingabe: geh nach westen
2026-08-26 16:17:47 [TURN] Typ: fast
2026-08-26 16:17:47 [TURN] Fertig: won=1
2026-08-26 16:17:47 [JOB] Job j32 fertig
2026-08-26 16:17:52 [JOB] Starte Job j33 kind=command
2026-08-26 16:17:52 [JOB] Turn: nimm altes_amulett
2026-08-26 16:17:52 [TURN] Eingabe: nimm altes_amulett
2026-08-26 16:17:52 [TURN] Typ: fast
2026-08-26 16:17:52 [TURN] Fertig: won=1
2026-08-26 16:17:52 [JOB] Job j33 fertig
2026-08-26 16:18:21 [SRV] Neue Session-Anfrage
2026-08-26 16:18:21 [SRV] Session s1787761101_13 Port=8113 Welt=nebeltal
2026-08-26 16:18:21 [SRV] Starte Worker: ../bin/pipe worldd.pipe s1787761101_13 8113 600000
2026-08-26 16:18:21 [BOOT] Worldd-Prozess gestartet
2026-08-26 16:18:21 [BOOT] Starte fuer Session s1787761101_13
2026-08-26 16:18:21 [BOOT] Lade Pack pack_core.json
2026-08-26 16:18:21 [BOOT] DB initialisiert, lese Config
2026-08-26 16:18:21 [BOOT] Weltname=nebeltal
2026-08-26 16:18:21 [BOOT] Bestehende Welt gefunden, lade sie
2026-08-26 16:18:21 [BOOT] Neues Spiel gestartet
2026-08-26 16:18:21 [BOOT] Lore-Index gebaut
2026-08-26 16:18:21 [BOOT] BEREIT auf :8113
2026-08-26 16:18:22 [SRV] Session s1787761101_13 bereit=true
2026-08-26 16:18:25 [JOB] Starte Job j1 kind=command
2026-08-26 16:18:25 [JOB] Turn: nimm fackel
2026-08-26 16:18:25 [TURN] Eingabe: nimm fackel
2026-08-26 16:18:25 [TURN] Typ: fast
2026-08-26 16:18:25 [TURN] Fertig: won=0
2026-08-26 16:18:25 [JOB] Job j1 fertig
2026-08-26 16:18:27 [JOB] Starte Job j2 kind=command
2026-08-26 16:18:27 [JOB] Turn: geh nach norden
2026-08-26 16:18:27 [TURN] Eingabe: geh nach norden
2026-08-26 16:18:27 [TURN] Typ: fast
2026-08-26 16:18:27 [TURN] Fertig: won=0
2026-08-26 16:18:27 [JOB] Job j2 fertig
2026-08-26 16:18:29 [JOB] Starte Job j3 kind=command
2026-08-26 16:18:29 [JOB] Turn: nimm gegengift
2026-08-26 16:18:29 [TURN] Eingabe: nimm gegengift
2026-08-26 16:18:29 [TURN] Typ: fast
2026-08-26 16:18:29 [TURN] Fertig: won=0
2026-08-26 16:18:30 [JOB] Job j3 fertig
2026-08-26 16:18:34 [JOB] Starte Job j4 kind=command
2026-08-26 16:18:34 [JOB] Turn: rede mit tempelwacht_sirine
2026-08-26 16:18:34 [TURN] Eingabe: rede mit tempelwacht_sirine
2026-08-26 16:18:34 [TURN] Typ: narrator
2026-08-26 16:18:34 [NARRATOR] Starte Narrator-Antwort
2026-08-26 16:18:34 [NARRATOR] Teste Modell big-pickle
2026-08-26 16:19:11 [NARRATOR] Modell big-pickle fehlgeschlagen: worldd.pipe: ai_with_tools: max tool rounds (5) exceeded without final response
  in fn(sleep)
  in fn(sleep)
  in fn(api_turn)
  in fn(process_turn)
  in fn(narrator_reply)
  in fn(sleep)
2026-08-26 16:19:11 [NARRATOR] ERROR Alle Modelle fehlgeschlagen
2026-08-26 16:19:11 [TURN] ERROR Alle Modelle nicht erreichbar
2026-08-26 16:19:11 [TURN] Fertig: won=0
2026-08-26 16:19:11 [JOB] Job j4 fertig
2026-08-26 16:19:21 [JOB] Starte Job j5 kind=command
2026-08-26 16:19:21 [JOB] Turn: geh nach norden
2026-08-26 16:19:21 [TURN] Eingabe: geh nach norden
2026-08-26 16:19:21 [TURN] Typ: fast
2026-08-26 16:19:21 [TURN] Fertig: won=0
2026-08-26 16:19:21 [JOB] Job j5 fertig
2026-08-26 16:19:23 [JOB] Starte Job j6 kind=command
2026-08-26 16:19:23 [JOB] Turn: greife fluchgeist an
2026-08-26 16:19:23 [TURN] Eingabe: greife fluchgeist an
2026-08-26 16:19:23 [TURN] Typ: fast
2026-08-26 16:19:23 [TURN] Fertig: won=0
2026-08-26 16:19:23 [JOB] Job j6 fertig
2026-08-26 16:19:25 [JOB] Starte Job j7 kind=command
2026-08-26 16:19:25 [JOB] Turn: greife fluchgeist an
2026-08-26 16:19:25 [TURN] Eingabe: greife fluchgeist an
2026-08-26 16:19:25 [TURN] Typ: fast
2026-08-26 16:19:25 [TURN] Fertig: won=0
2026-08-26 16:19:25 [JOB] Job j7 fertig
2026-08-26 16:19:26 [JOB] Starte Job j8 kind=command
2026-08-26 16:19:26 [JOB] Turn: greife fluchgeist an
2026-08-26 16:19:26 [TURN] Eingabe: greife fluchgeist an
2026-08-26 16:19:26 [TURN] Typ: fast
2026-08-26 16:19:26 [TURN] Fertig: won=0
2026-08-26 16:19:26 [JOB] Job j8 fertig
2026-08-26 16:19:28 [JOB] Starte Job j9 kind=command
2026-08-26 16:19:28 [JOB] Turn: greife fluchgeist an
2026-08-26 16:19:28 [TURN] Eingabe: greife fluchgeist an
2026-08-26 16:19:28 [TURN] Typ: fast
2026-08-26 16:19:28 [TURN] Fertig: won=0
2026-08-26 16:19:28 [JOB] Job j9 fertig
2026-08-26 16:19:29 [JOB] Starte Job j10 kind=command
2026-08-26 16:19:29 [JOB] Turn: greife fluchgeist an
2026-08-26 16:19:29 [TURN] Eingabe: greife fluchgeist an
2026-08-26 16:19:29 [TURN] Typ: fast
2026-08-26 16:19:29 [TURN] Fertig: won=0
2026-08-26 16:19:30 [JOB] Job j10 fertig
2026-08-26 16:19:31 [JOB] Starte Job j11 kind=command
2026-08-26 16:19:31 [JOB] Turn: greife fluchgeist an
2026-08-26 16:19:31 [TURN] Eingabe: greife fluchgeist an
2026-08-26 16:19:31 [TURN] Typ: fast
2026-08-26 16:19:31 [TURN] Fertig: won=0
2026-08-26 16:19:31 [JOB] Job j11 fertig
2026-08-26 16:19:33 [JOB] Starte Job j12 kind=command
2026-08-26 16:19:33 [JOB] Turn: nimm altes_amulett
2026-08-26 16:19:33 [TURN] Eingabe: nimm altes_amulett
2026-08-26 16:19:33 [TURN] Typ: fast
2026-08-26 16:19:33 [TURN] Fertig: won=0
2026-08-26 16:19:33 [JOB] Job j12 fertig
2026-08-26 16:19:38 [JOB] Starte Job j13 kind=command
2026-08-26 16:19:38 [JOB] Turn: benutze fackel
2026-08-26 16:19:38 [TURN] Eingabe: benutze fackel
2026-08-26 16:19:38 [TURN] Typ: fast
2026-08-26 16:19:38 [TURN] Fertig: won=0
2026-08-26 16:19:38 [JOB] Job j13 fertig
2026-08-26 16:19:52 [JOB] Starte Job j14 kind=command
2026-08-26 16:19:52 [JOB] Turn: geh nach westen
2026-08-26 16:19:52 [TURN] Eingabe: geh nach westen
2026-08-26 16:19:52 [TURN] Typ: fast
2026-08-26 16:19:52 [TURN] Fertig: won=0
2026-08-26 16:19:52 [JOB] Job j14 fertig
2026-08-26 16:19:54 [JOB] Starte Job j15 kind=command
2026-08-26 16:19:54 [JOB] Turn: nimm altes_amulett
2026-08-26 16:19:54 [TURN] Eingabe: nimm altes_amulett
2026-08-26 16:19:54 [TURN] Typ: fast
2026-08-26 16:19:54 [TURN] Fertig: won=0
2026-08-26 16:19:54 [JOB] Job j15 fertig
2026-08-26 16:19:56 [JOB] Starte Job j16 kind=command
2026-08-26 16:19:56 [JOB] Turn: nimm altes_amulett
2026-08-26 16:19:56 [TURN] Eingabe: nimm altes_amulett
2026-08-26 16:19:56 [TURN] Typ: fast
2026-08-26 16:19:56 [TURN] Fertig: won=0
2026-08-26 16:19:56 [JOB] Job j16 fertig
2026-08-26 16:20:02 [JOB] Starte Job j17 kind=command
2026-08-26 16:20:02 [JOB] Turn: geh nach osten
2026-08-26 16:20:02 [TURN] Eingabe: geh nach osten
2026-08-26 16:20:02 [TURN] Typ: fast
2026-08-26 16:20:02 [TURN] Fertig: won=0
2026-08-26 16:20:02 [JOB] Job j17 fertig
2026-08-26 16:20:04 [JOB] Starte Job j18 kind=command
2026-08-26 16:20:04 [JOB] Turn: geh nach osten
2026-08-26 16:20:04 [TURN] Eingabe: geh nach osten
2026-08-26 16:20:04 [TURN] Typ: fast
2026-08-26 16:20:04 [TURN] Fertig: won=0
2026-08-26 16:20:04 [JOB] Job j18 fertig
2026-08-26 16:20:06 [JOB] Starte Job j19 kind=command
2026-08-26 16:20:06 [JOB] Turn: greife skelett an
2026-08-26 16:20:06 [TURN] Eingabe: greife skelett an
2026-08-26 16:20:06 [TURN] Typ: fast
2026-08-26 16:20:06 [TURN] Fertig: won=0
2026-08-26 16:20:06 [JOB] Job j19 fertig
2026-08-26 16:20:08 [JOB] Starte Job j20 kind=command
2026-08-26 16:20:08 [JOB] Turn: nimm krafttrank
2026-08-26 16:20:08 [TURN] Eingabe: nimm krafttrank
2026-08-26 16:20:09 [TURN] Typ: fast
2026-08-26 16:20:09 [TURN] Fertig: won=0
2026-08-26 16:20:09 [JOB] Job j20 fertig
2026-08-26 16:20:11 [JOB] Starte Job j21 kind=command
2026-08-26 16:20:11 [JOB] Turn: benutze krafttrank
2026-08-26 16:20:11 [TURN] Eingabe: benutze krafttrank
2026-08-26 16:20:11 [TURN] Typ: fast
2026-08-26 16:20:11 [TURN] Fertig: won=0
2026-08-26 16:20:11 [JOB] Job j21 fertig
2026-08-26 16:20:14 [JOB] Starte Job j22 kind=command
2026-08-26 16:20:14 [JOB] Turn: greife skelett an
2026-08-26 16:20:14 [TURN] Eingabe: greife skelett an
2026-08-26 16:20:14 [TURN] Typ: fast
2026-08-26 16:20:14 [TURN] Fertig: won=1
2026-08-26 16:20:14 [JOB] Job j22 fertig
2026-08-26 16:20:19 [JOB] Starte Job j23 kind=new_adventure
2026-08-26 16:20:19 [JOB] Neues Abenteuer
2026-08-26 16:20:19 [NEW-ADV] Starte neues Abenteuer
2026-08-26 16:20:19 [NEW-ADV] ERROR Keine Welt geladen
2026-08-26 16:20:19 [JOB] Job j23 fertig
2026-08-26 16:20:21 [JOB] Starte Job j24 kind=command
2026-08-26 16:20:21 [JOB] Turn: nimm axt
2026-08-26 16:20:21 [TURN] Eingabe: nimm axt
2026-08-26 16:20:21 [TURN] Typ: fast
2026-08-26 16:20:21 [TURN] Fertig: won=1
2026-08-26 16:20:21 [JOB] Job j24 fertig
2026-08-26 16:20:24 [JOB] Starte Job j25 kind=new_adventure
2026-08-26 16:20:24 [JOB] Neues Abenteuer
2026-08-26 16:20:24 [NEW-ADV] Starte neues Abenteuer
2026-08-26 16:20:24 [NEW-ADV] ERROR Keine Welt geladen
2026-08-26 16:20:24 [JOB] Job j25 fertig
2026-08-26 16:30:24 [BOOT] Idle-Timeout, beende
